<html>
<body>
<pre>
<h1>µVision Build Log</h1>
<h2>Tool Versions:</h2>
IDE-Version: µVision V5.38.0.0
Copyright (C) 2022 ARM Ltd and ARM Germany GmbH. All rights reserved.
License Information: dali hemriti, Capgemini, LIC=----
 
Tool Versions:
Toolchain:       MDK-Lite  Version: 5.38.0.0
Toolchain Path:  C:\Keil_v5\ARM\ARM_Compiler_5.06u7\Bin
C Compiler:      Armcc.exe V5.06 update 7 (build 960)
Assembler:       Armasm.exe V5.06 update 7 (build 960)
Linker/Locator:  ArmLink.exe V5.06 update 7 (build 960)
Library Manager: ArmAr.exe V5.06 update 7 (build 960)
Hex Converter:   FromElf.exe V5.06 update 7 (build 960)
CPU DLL:         
Dialog DLL:      
Target DLL:      Segger\JL2CM3.dll V2.99.42.0
Dialog DLL:      TARMCM1.DLL V1.14.6.0
 
<h2>Project:</h2>
C:\Users\moham\OneDrive\Bureau\project\nRF5_SDK_12.3.0_d7731ad\examples\peripheral\twi_master_using_app_twi\pca10028\blank\arm4\twi_master_using_app_twi_pca10028.uvproj
Project File Date:  04/25/2025

<h2>Output:</h2>
*** Using Compiler 'V5.06 update 7 (build 960)', folder: 'C:\Keil_v5\ARM\ARM_Compiler_5.06u7\Bin'
Rebuild target 'nrf51422_xxac'
assembling arm_startup_nrf51.s...
compiling lm75b.c...
compiling bsp_nfc.c...
compiling system_nrf51.c...
compiling nrf_drv_common.c...
compiling main.c...
compiling mma7660.c...
compiling boards.c...
compiling bsp.c...
compiling nrf_drv_clock.c...
compiling nrf_drv_gpiote.c...
compiling nrf_drv_rtc.c...
compiling nrf_drv_twi.c...
compiling nrf_nvic.c...
compiling nrf_soc.c...
compiling nrf_drv_uart.c...
compiling app_button.c...
compiling app_error.c...
compiling app_error_weak.c...
compiling sdk_errors.c...
compiling app_twi.c...
compiling app_timer.c...
compiling RTT_Syscalls_KEIL.c...
compiling SEGGER_RTT_printf.c...
compiling app_util_platform.c...
compiling nrf_assert.c...
compiling nrf_log_backend_serial.c...
compiling nrf_log_frontend.c...
compiling SEGGER_RTT.c...
linking...
Program Size: Code=5648 RO-data=308 RW-data=64 ZI-data=3256  
FromELF: creating hex file...
".\_build\nrf51422_xxac.axf" - 0 Error(s), 0 Warning(s).
Build Time Elapsed:  00:00:03
</pre>
</body>
</html>
