<html>
<body>
<pre>
<h1>µVision Build Log</h1>
<h2>Tool Versions:</h2>
IDE-Version: µVision V5.38.0.0
Copyright (C) 2022 ARM Ltd and ARM Germany GmbH. All rights reserved.
License Information: dali hemriti, Capgemini, LIC=----
 
Tool Versions:
Toolchain:       MDK-Lite  Version: 5.38.0.0
Toolchain Path:  C:\Keil_v5\ARM\ARM_Compiler_5.06u7\Bin
C Compiler:      Armcc.exe V5.06 update 7 (build 960)
Assembler:       Armasm.exe V5.06 update 7 (build 960)
Linker/Locator:  ArmLink.exe V5.06 update 7 (build 960)
Library Manager: ArmAr.exe V5.06 update 7 (build 960)
Hex Converter:   FromElf.exe V5.06 update 7 (build 960)
CPU DLL:         
Dialog DLL:      
Target DLL:      Segger\JL2CM3.dll V2.99.42.0
Dialog DLL:      TARMCM1.DLL V1.14.6.0
 
<h2>Project:</h2>
C:\Users\moham\OneDrive\Bureau\project\nRF5_SDK_12.3.0_d7731ad\examples\ble_central\ble_app_uart_c\pca10028\s130\arm4\ble_app_uart_c_pca10028_s130.uvproj
Project File Date:  04/08/2025

<h2>Output:</h2>
*** Using Compiler 'V5.06 update 7 (build 960)', folder: 'C:\Keil_v5\ARM\ARM_Compiler_5.06u7\Bin'
Rebuild target 'nrf51422_xxac'
assembling arm_startup_nrf51.s...
compiling system_nrf51.c...
compiling bsp_nfc.c...
compiling boards.c...
compiling bsp_btn_ble.c...
compiling ble_srv_common.c...
compiling ble_conn_params.c...
compiling ble_db_discovery.c...
compiling bsp.c...
compiling ble_advdata.c...
compiling main.c...
..\..\..\main.c(188): warning:  #177-D: variable "err_code"  was declared but never referenced
      uint32_t err_code;
..\..\..\main.c: 1 warning, 0 errors
compiling ble_nus_c.c...
compiling nrf_drv_common.c...
compiling app_button.c...
compiling app_fifo.c...
compiling app_error_weak.c...
compiling app_error.c...
compiling nrf_drv_clock.c...
compiling app_util_platform.c...
compiling nrf_drv_uart.c...
compiling nrf_drv_gpiote.c...
compiling app_timer.c...
compiling app_uart_fifo.c...
compiling sdk_errors.c...
compiling RTT_Syscalls_KEIL.c...
compiling SEGGER_RTT_printf.c...
compiling hardfault_implementation.c...
compiling nrf_assert.c...
compiling nrf_log_backend_serial.c...
compiling nrf_log_frontend.c...
compiling retarget.c...
compiling SEGGER_RTT.c...
compiling softdevice_handler.c...
linking...
Program Size: Code=7296 RO-data=324 RW-data=108 ZI-data=3844  
FromELF: creating hex file...
".\_build\nrf51422_xxac.axf" - 0 Error(s), 1 Warning(s).
Build Time Elapsed:  00:00:02
</pre>
</body>
</html>
