<html>
<body>
<pre>
<h1>µVision Build Log</h1>
<h2>Tool Versions:</h2>
IDE-Version: µVision V5.38.0.0
Copyright (C) 2022 ARM Ltd and ARM Germany GmbH. All rights reserved.
License Information: dali hemriti, Capgemini, LIC=----
 
Tool Versions:
Toolchain:       MDK-Lite  Version: 5.38.0.0
Toolchain Path:  C:\Keil_v5\ARM\ARM_Compiler_5.06u7\Bin
C Compiler:      Armcc.exe V5.06 update 7 (build 960)
Assembler:       Armasm.exe V5.06 update 7 (build 960)
Linker/Locator:  ArmLink.exe V5.06 update 7 (build 960)
Library Manager: ArmAr.exe V5.06 update 7 (build 960)
Hex Converter:   FromElf.exe V5.06 update 7 (build 960)
CPU DLL:         
Dialog DLL:      
Target DLL:      Segger\JL2CM3.dll V2.99.42.0
Dialog DLL:      TARMCM1.DLL V1.14.6.0
 
<h2>Project:</h2>
C:\Users\moham\OneDrive\Bureau\project\nRF5_SDK_12.3.0_d7731ad\examples\peripheral\uart\pca10028\blank\arm4\uart_pca10028.uvproj
Project File Date:  03/24/2025

<h2>Output:</h2>
*** Using Compiler 'V5.06 update 7 (build 960)', folder: 'C:\Keil_v5\ARM\ARM_Compiler_5.06u7\Bin'
Rebuild target 'nrf51422_xxac'
assembling arm_startup_nrf51.s...
compiling nrf_drv_common.c...
compiling app_fifo.c...
compiling app_error.c...
compiling app_util_platform.c...
compiling system_nrf51.c...
compiling nrf_drv_uart.c...
compiling app_error_weak.c...
compiling main.c...
..\..\..\main.c(48): warning:  #167-D: argument of type "void (*)(app_uart_evt_type_t *)" is incompatible with parameter of type "app_uart_event_handler_t"
   APP_UART_FIFO_INIT(&com_params, UART_RX_BUFF_SIZE, UART_TX_BUFF_SIZE, uart_err_handle, APP_IRQ_PRIORITY_LOWEST, err_code);
..\..\..\main.c(83): warning:  #1-D: last line of file ends without a newline
  /** @} */
..\..\..\main.c: 2 warnings, 0 errors
compiling app_uart_fifo.c...
compiling boards.c...
compiling nrf_assert.c...
compiling sdk_errors.c...
compiling RTT_Syscalls_KEIL.c...
compiling SEGGER_RTT_printf.c...
compiling retarget.c...
compiling nrf_log_backend_serial.c...
compiling nrf_log_frontend.c...
compiling SEGGER_RTT.c...
linking...
Program Size: Code=2928 RO-data=288 RW-data=24 ZI-data=2368  
FromELF: creating hex file...
".\_build\nrf51422_xxac.axf" - 0 Error(s), 2 Warning(s).
Build Time Elapsed:  00:00:01
</pre>
</body>
</html>
