Component: ARM Compiler 5.06 update 7 (build 960) Tool: armlink [4d3601]

==============================================================================

Section Cross References

    main.o(i.assert_nrf_callback) refers to memcpya.o(.text) for __aeabi_memcpy4
    main.o(i.assert_nrf_callback) refers to custom_nus.o(i.uint32_to_hex) for uint32_to_hex
    main.o(i.assert_nrf_callback) refers to custom_nus.o(i.strcat_safe) for strcat_safe
    main.o(i.assert_nrf_callback) refers to segger_rtt.o(i.SEGGER_RTT_WriteString) for SEGGER_RTT_WriteString
    main.o(i.assert_nrf_callback) refers to main.o(.constdata) for .constdata
    main.o(i.main) refers to app_timer.o(i.app_timer_init) for app_timer_init
    main.o(i.main) refers to app_error.o(i.app_error_handler_bare) for app_error_handler_bare
    main.o(i.main) refers to segger_rtt.o(i.SEGGER_RTT_Init) for SEGGER_RTT_Init
    main.o(i.main) refers to segger_rtt.o(i.SEGGER_RTT_WriteString) for SEGGER_RTT_WriteString
    main.o(i.main) refers to afficheur_i2c.o(i.lcd_init) for lcd_init
    main.o(i.main) refers to bluetooth.o(i.bluetooth_init) for bluetooth_init
    main.o(i.main) refers to bluetooth.o(i.bluetooth_advertising_start) for bluetooth_advertising_start
    main.o(i.main) refers to main.o(.bss) for .bss
    boards.o(i.bsp_board_button_idx_to_pin) refers to boards.o(.constdata) for .constdata
    boards.o(i.bsp_board_button_state_get) refers to boards.o(.constdata) for .constdata
    boards.o(i.bsp_board_buttons_init) refers to boards.o(i.nrf_gpio_cfg) for nrf_gpio_cfg
    boards.o(i.bsp_board_buttons_init) refers to boards.o(.constdata) for .constdata
    boards.o(i.bsp_board_led_idx_to_pin) refers to boards.o(.constdata) for .constdata
    boards.o(i.bsp_board_led_invert) refers to boards.o(.constdata) for .constdata
    boards.o(i.bsp_board_led_off) refers to boards.o(i.nrf_gpio_pin_write) for nrf_gpio_pin_write
    boards.o(i.bsp_board_led_off) refers to boards.o(.constdata) for .constdata
    boards.o(i.bsp_board_led_on) refers to boards.o(i.nrf_gpio_pin_write) for nrf_gpio_pin_write
    boards.o(i.bsp_board_led_on) refers to boards.o(.constdata) for .constdata
    boards.o(i.bsp_board_led_state_get) refers to boards.o(.constdata) for .constdata
    boards.o(i.bsp_board_leds_init) refers to boards.o(i.nrf_gpio_cfg) for nrf_gpio_cfg
    boards.o(i.bsp_board_leds_init) refers to boards.o(i.bsp_board_leds_off) for bsp_board_leds_off
    boards.o(i.bsp_board_leds_init) refers to boards.o(.constdata) for .constdata
    boards.o(i.bsp_board_leds_off) refers to boards.o(i.bsp_board_led_off) for bsp_board_led_off
    boards.o(i.bsp_board_leds_on) refers to boards.o(i.bsp_board_led_on) for bsp_board_led_on
    boards.o(i.bsp_board_pin_to_button_idx) refers to boards.o(.constdata) for .constdata
    boards.o(i.bsp_board_pin_to_led_idx) refers to boards.o(.constdata) for .constdata
    bsp.o(i.alert_timer_handler) refers to boards.o(i.bsp_board_led_invert) for bsp_board_led_invert
    bsp.o(i.bsp_button_event_handler) refers to boards.o(i.bsp_board_pin_to_button_idx) for bsp_board_pin_to_button_idx
    bsp.o(i.bsp_button_event_handler) refers to app_timer.o(i.app_timer_start) for app_timer_start
    bsp.o(i.bsp_button_event_handler) refers to app_timer.o(i.app_timer_stop) for app_timer_stop
    bsp.o(i.bsp_button_event_handler) refers to bsp.o(.constdata) for .constdata
    bsp.o(i.bsp_button_event_handler) refers to bsp.o(.bss) for .bss
    bsp.o(i.bsp_button_event_handler) refers to bsp.o(.data) for .data
    bsp.o(i.bsp_button_is_pressed) refers to boards.o(i.bsp_board_button_state_get) for bsp_board_button_state_get
    bsp.o(i.bsp_buttons_disable) refers to app_button.o(i.app_button_disable) for app_button_disable
    bsp.o(i.bsp_buttons_enable) refers to app_button.o(i.app_button_enable) for app_button_enable
    bsp.o(i.bsp_event_to_button_action_assign) refers to bsp.o(.bss) for .bss
    bsp.o(i.bsp_indication_set) refers to bsp.o(i.bsp_led_indication) for bsp_led_indication
    bsp.o(i.bsp_indication_set) refers to bsp.o(.data) for .data
    bsp.o(i.bsp_init) refers to bsp.o(i.bsp_event_to_button_action_assign) for bsp_event_to_button_action_assign
    bsp.o(i.bsp_init) refers to app_button.o(i.app_button_init) for app_button_init
    bsp.o(i.bsp_init) refers to app_button.o(i.app_button_enable) for app_button_enable
    bsp.o(i.bsp_init) refers to app_timer.o(i.app_timer_create) for app_timer_create
    bsp.o(i.bsp_init) refers to boards.o(i.bsp_board_leds_init) for bsp_board_leds_init
    bsp.o(i.bsp_init) refers to bsp.o(.data) for .data
    bsp.o(i.bsp_init) refers to bsp.o(.constdata) for .constdata
    bsp.o(i.bsp_init) refers to bsp.o(i.button_timer_handler) for button_timer_handler
    bsp.o(i.bsp_init) refers to bsp.o(i.leds_timer_handler) for leds_timer_handler
    bsp.o(i.bsp_init) refers to bsp.o(i.alert_timer_handler) for alert_timer_handler
    bsp.o(i.bsp_led_indication) refers to boards.o(i.bsp_board_leds_off) for bsp_board_leds_off
[...]
    ..\..\..\..\nRF5_SDK_12.3.0_d7731ad\components\libraries\util\app_error.c 0x00000000   Number         0  app_error.o ABSOLUTE
    ..\..\..\..\nRF5_SDK_12.3.0_d7731ad\components\libraries\util\app_error_weak.c 0x00000000   Number         0  app_error_weak.o ABSOLUTE
    ..\..\..\..\nRF5_SDK_12.3.0_d7731ad\components\libraries\util\app_util_platform.c 0x00000000   Number         0  app_util_platform.o ABSOLUTE
    ..\..\..\..\nRF5_SDK_12.3.0_d7731ad\components\libraries\util\nrf_assert.c 0x00000000   Number         0  nrf_assert.o ABSOLUTE
    ..\..\..\..\nRF5_SDK_12.3.0_d7731ad\components\libraries\util\sdk_errors.c 0x00000000   Number         0  sdk_errors.o ABSOLUTE
    ..\..\..\..\nRF5_SDK_12.3.0_d7731ad\components\softdevice\common\softdevice_handler\softdevice_handler.c 0x00000000   Number         0  softdevice_handler.o ABSOLUTE
    ..\..\..\..\nRF5_SDK_12.3.0_d7731ad\components\toolchain\arm\arm_startup_nrf51.s 0x00000000   Number         0  arm_startup_nrf51.o ABSOLUTE
    ..\..\..\..\nRF5_SDK_12.3.0_d7731ad\components\toolchain\system_nrf51.c 0x00000000   Number         0  system_nrf51.o ABSOLUTE
    ..\..\..\..\nRF5_SDK_12.3.0_d7731ad\external\segger_rtt\RTT_Syscalls_KEIL.c 0x00000000   Number         0  rtt_syscalls_keil.o ABSOLUTE
    ..\..\..\..\nRF5_SDK_12.3.0_d7731ad\external\segger_rtt\SEGGER_RTT.c 0x00000000   Number         0  segger_rtt.o ABSOLUTE
    ..\..\..\..\nRF5_SDK_12.3.0_d7731ad\external\segger_rtt\SEGGER_RTT_printf.c 0x00000000   Number         0  segger_rtt_printf.o ABSOLUTE
    ..\..\..\components\afficheur_i2c.c      0x00000000   Number         0  afficheur_i2c.o ABSOLUTE
    ..\..\..\components\bluetooth.c          0x00000000   Number         0  bluetooth.o ABSOLUTE
    ..\..\..\components\uart.c               0x00000000   Number         0  uart.o ABSOLUTE
    ..\..\..\main\main.c                     0x00000000   Number         0  main.o ABSOLUTE
    ..\\..\\..\\..\\nRF5_SDK_12.3.0_d7731ad\\components\\ble\\ble_advertising\\ble_advertising.c 0x00000000   Number         0  ble_advertising.o ABSOLUTE
    ..\\..\\..\\..\\nRF5_SDK_12.3.0_d7731ad\\components\\ble\\ble_services\\ble_nus\\ble_nus.c 0x00000000   Number         0  ble_nus.o ABSOLUTE
    ..\\..\\..\\..\\nRF5_SDK_12.3.0_d7731ad\\components\\ble\\common\\ble_advdata.c 0x00000000   Number         0  ble_advdata.o ABSOLUTE
    ..\\..\\..\\..\\nRF5_SDK_12.3.0_d7731ad\\components\\ble\\common\\ble_conn_params.c 0x00000000   Number         0  ble_conn_params.o ABSOLUTE
    ..\\..\\..\\..\\nRF5_SDK_12.3.0_d7731ad\\components\\ble\\common\\ble_srv_common.c 0x00000000   Number         0  ble_srv_common.o ABSOLUTE
    ..\\..\\..\\..\\nRF5_SDK_12.3.0_d7731ad\\components\\boards\\boards.c 0x00000000   Number         0  boards.o ABSOLUTE
    ..\\..\\..\\..\\nRF5_SDK_12.3.0_d7731ad\\components\\drivers_nrf\\clock\\nrf_drv_clock.c 0x00000000   Number         0  nrf_drv_clock.o ABSOLUTE
    ..\\..\\..\\..\\nRF5_SDK_12.3.0_d7731ad\\components\\drivers_nrf\\common\\nrf_drv_common.c 0x00000000   Number         0  nrf_drv_common.o ABSOLUTE
    ..\\..\\..\\..\\nRF5_SDK_12.3.0_d7731ad\\components\\drivers_nrf\\gpiote\\nrf_drv_gpiote.c 0x00000000   Number         0  nrf_drv_gpiote.o ABSOLUTE
    ..\\..\\..\\..\\nRF5_SDK_12.3.0_d7731ad\\components\\drivers_nrf\\uart\\nrf_drv_uart.c 0x00000000   Number         0  nrf_drv_uart.o ABSOLUTE
    ..\\..\\..\\..\\nRF5_SDK_12.3.0_d7731ad\\components\\libraries\\bsp\\bsp.c 0x00000000   Number         0  bsp.o ABSOLUTE
    ..\\..\\..\\..\\nRF5_SDK_12.3.0_d7731ad\\components\\libraries\\bsp\\bsp_btn_ble.c 0x00000000   Number         0  bsp_btn_ble.o ABSOLUTE
    ..\\..\\..\\..\\nRF5_SDK_12.3.0_d7731ad\\components\\libraries\\bsp\\bsp_nfc.c 0x00000000   Number         0  bsp_nfc.o ABSOLUTE
    ..\\..\\..\\..\\nRF5_SDK_12.3.0_d7731ad\\components\\libraries\\button\\app_button.c 0x00000000   Number         0  app_button.o ABSOLUTE
    ..\\..\\..\\..\\nRF5_SDK_12.3.0_d7731ad\\components\\libraries\\fifo\\app_fifo.c 0x00000000   Number         0  app_fifo.o ABSOLUTE
    ..\\..\\..\\..\\nRF5_SDK_12.3.0_d7731ad\\components\\libraries\\fstorage\\fstorage.c 0x00000000   Number         0  fstorage.o ABSOLUTE
    ..\\..\\..\\..\\nRF5_SDK_12.3.0_d7731ad\\components\\libraries\\hardfault\\hardfault_implementation.c 0x00000000   Number         0  hardfault_implementation.o ABSOLUTE
    ..\\..\\..\\..\\nRF5_SDK_12.3.0_d7731ad\\components\\libraries\\log\\src\\nrf_log_backend_serial.c 0x00000000   Number         0  nrf_log_backend_serial.o ABSOLUTE
    ..\\..\\..\\..\\nRF5_SDK_12.3.0_d7731ad\\components\\libraries\\log\\src\\nrf_log_frontend.c 0x00000000   Number         0  nrf_log_frontend.o ABSOLUTE
    ..\\..\\..\\..\\nRF5_SDK_12.3.0_d7731ad\\components\\libraries\\timer\\app_timer.c 0x00000000   Number         0  app_timer.o ABSOLUTE
    ..\\..\\..\\..\\nRF5_SDK_12.3.0_d7731ad\\components\\libraries\\uart\\app_uart_fifo.c 0x00000000   Number         0  app_uart_fifo.o ABSOLUTE
    ..\\..\\..\\..\\nRF5_SDK_12.3.0_d7731ad\\components\\libraries\\uart\\retarget.c 0x00000000   Number         0  retarget.o ABSOLUTE
    ..\\..\\..\\..\\nRF5_SDK_12.3.0_d7731ad\\components\\libraries\\util\\app_error.c 0x00000000   Number         0  app_error.o ABSOLUTE
    ..\\..\\..\\..\\nRF5_SDK_12.3.0_d7731ad\\components\\libraries\\util\\app_error_weak.c 0x00000000   Number         0  app_error_weak.o ABSOLUTE
    ..\\..\\..\\..\\nRF5_SDK_12.3.0_d7731ad\\components\\libraries\\util\\app_util_platform.c 0x00000000   Number         0  app_util_platform.o ABSOLUTE
    ..\\..\\..\\..\\nRF5_SDK_12.3.0_d7731ad\\components\\libraries\\util\\nrf_assert.c 0x00000000   Number         0  nrf_assert.o ABSOLUTE
    ..\\..\\..\\..\\nRF5_SDK_12.3.0_d7731ad\\components\\softdevice\\common\\softdevice_handler\\softdevice_handler.c 0x00000000   Number         0  softdevice_handler.o ABSOLUTE
    ..\\..\\..\\..\\nRF5_SDK_12.3.0_d7731ad\\components\\toolchain\\system_nrf51.c 0x00000000   Number         0  system_nrf51.o ABSOLUTE
    ..\\..\\..\\..\\nRF5_SDK_12.3.0_d7731ad\\external\\segger_rtt\\SEGGER_RTT.c 0x00000000   Number         0  segger_rtt.o ABSOLUTE
    ..\\..\\..\\components\\afficheur_i2c.c  0x00000000   Number         0  afficheur_i2c.o ABSOLUTE
    ..\\..\\..\\components\\bluetooth.c      0x00000000   Number         0  bluetooth.o ABSOLUTE
    ..\\..\\..\\components\\uart.c           0x00000000   Number         0  uart.o ABSOLUTE
    ..\\..\\..\\main\\main.c                 0x00000000   Number         0  main.o ABSOLUTE
    cdrcmple.s                               0x00000000   Number         0  cdrcmple.o ABSOLUTE
    custom_nus.c                             0x00000000   Number         0  custom_nus.o ABSOLUTE
    custom_nus.c                             0x00000000   Number         0  custom_nus.o ABSOLUTE
    dc.s                                     0x00000000   Number         0  dc.o ABSOLUTE
    handlers.s                               0x00000000   Number         0  handlers.o ABSOLUTE
    init.s                                   0x00000000   Number         0  init.o ABSOLUTE
    RESET                                    0x0001b000   Section      192  arm_startup_nrf51.o(RESET)
    .ARM.Collect$$$$00000000                 0x0001b0c0   Section        0  entry.o(.ARM.Collect$$$$00000000)
    .ARM.Collect$$$$00000001                 0x0001b0c0   Section        4  entry2.o(.ARM.Collect$$$$00000001)
    .ARM.Collect$$$$00000004                 0x0001b0c4   Section        4  entry5.o(.ARM.Collect$$$$00000004)
    .ARM.Collect$$$$00000008                 0x0001b0c8   Section        0  entry7b.o(.ARM.Collect$$$$00000008)
    .ARM.Collect$$$$0000000A                 0x0001b0c8   Section        0  entry8b.o(.ARM.Collect$$$$0000000A)
    .ARM.Collect$$$$0000000B                 0x0001b0c8   Section        8  entry9a.o(.ARM.Collect$$$$0000000B)
    .ARM.Collect$$$$0000000E                 0x0001b0d0   Section        4  entry12b.o(.ARM.Collect$$$$0000000E)
    .ARM.Collect$$$$0000000F                 0x0001b0d4   Section        0  entry10a.o(.ARM.Collect$$$$0000000F)
    .ARM.Collect$$$$00000011                 0x0001b0d4   Section        0  entry11a.o(.ARM.Collect$$$$00000011)
    .ARM.Collect$$$$00002712                 0x0001b0d4   Section        4  entry2.o(.ARM.Collect$$$$00002712)
    __lit__00000000                          0x0001b0d4   Data           4  entry2.o(.ARM.Collect$$$$00002712)
    .text                                    0x0001b0d8   Section       56  arm_startup_nrf51.o(.text)
    .text                                    0x0001b110   Section        0  uidiv.o(.text)
    .text                                    0x0001b13c   Section        0  memcpya.o(.text)
    .text                                    0x0001b160   Section        0  memseta.o(.text)
    .text                                    0x0001b184   Section        0  strncpy.o(.text)
    .text                                    0x0001b19e   Section        0  strlen.o(.text)
    .text                                    0x0001b1ac   Section        0  strcmp.o(.text)
    .text                                    0x0001b1c8   Section        0  strncat.o(.text)
    .text                                    0x0001b1f0   Section        0  strcpy.o(.text)
    .text                                    0x0001b204   Section       36  init.o(.text)
    i.GPIOTE_IRQHandler                      0x0001b228   Section        0  nrf_drv_gpiote.o(i.GPIOTE_IRQHandler)
    i.NVIC_SetPriority                       0x0001b3a0   Section        0  app_timer.o(i.NVIC_SetPriority)
    NVIC_SetPriority                         0x0001b3a1   Thumb Code    60  app_timer.o(i.NVIC_SetPriority)
    i.POWER_CLOCK_IRQHandler                 0x0001b3e4   Section        0  nrf_drv_clock.o(i.POWER_CLOCK_IRQHandler)
    i.RTC1_IRQHandler                        0x0001b438   Section        0  app_timer.o(i.RTC1_IRQHandler)
    i.SEGGER_RTT_Init                        0x0001b458   Section        0  segger_rtt.o(i.SEGGER_RTT_Init)
    i.SEGGER_RTT_Write                       0x0001b46c   Section        0  segger_rtt.o(i.SEGGER_RTT_Write)
    i.SEGGER_RTT_WriteNoLock                 0x0001b4a8   Section        0  segger_rtt.o(i.SEGGER_RTT_WriteNoLock)
    i.SEGGER_RTT_WriteString                 0x0001b504   Section        0  segger_rtt.o(i.SEGGER_RTT_WriteString)
    i.SWI0_IRQHandler                        0x0001b51c   Section        0  app_timer.o(i.SWI0_IRQHandler)
    i.SWI2_IRQHandler                        0x0001b524   Section        0  softdevice_handler.o(i.SWI2_IRQHandler)
    i.SystemInit                             0x0001b544   Section        0  system_nrf51.o(i.SystemInit)
    i.UART0_IRQHandler                       0x0001b5e4   Section        0  nrf_drv_uart.o(i.UART0_IRQHandler)
    i._DoInit                                0x0001b5f8   Section        0  segger_rtt.o(i._DoInit)
    _DoInit                                  0x0001b5f9   Thumb Code    74  segger_rtt.o(i._DoInit)
    i._GetAvailWriteSpace                    0x0001b660   Section        0  segger_rtt.o(i._GetAvailWriteSpace)
    _GetAvailWriteSpace                      0x0001b661   Thumb Code    22  segger_rtt.o(i._GetAvailWriteSpace)
    i._WriteBlocking                         0x0001b676   Section        0  segger_rtt.o(i._WriteBlocking)
    _WriteBlocking                           0x0001b677   Thumb Code    96  segger_rtt.o(i._WriteBlocking)
    i._WriteNoCheck                          0x0001b6d6   Section        0  segger_rtt.o(i._WriteNoCheck)
    _WriteNoCheck                            0x0001b6d7   Thumb Code    60  segger_rtt.o(i._WriteNoCheck)
    i.__ARM_common_switch8                   0x0001b712   Section        0  bsp.o(i.__ARM_common_switch8)
    i.__scatterload_copy                     0x0001b72c   Section       14  handlers.o(i.__scatterload_copy)
    i.__scatterload_null                     0x0001b73a   Section        2  handlers.o(i.__scatterload_null)
    i.__scatterload_zeroinit                 0x0001b73c   Section       14  handlers.o(i.__scatterload_zeroinit)
    i.__sd_nvic_app_accessible_irq           0x0001b74c   Section        0  softdevice_handler.o(i.__sd_nvic_app_accessible_irq)
    __sd_nvic_app_accessible_irq             0x0001b74d   Thumb Code    22  softdevice_handler.o(i.__sd_nvic_app_accessible_irq)
    i.adv_data_encode                        0x0001b768   Section        0  ble_advdata.o(i.adv_data_encode)
    i.adv_mode_next_avail_get                0x0001b8f8   Section        0  ble_advertising.o(i.adv_mode_next_avail_get)
    adv_mode_next_avail_get                  0x0001b8f9   Thumb Code    94  ble_advertising.o(i.adv_mode_next_avail_get)
    i.app_error_fault_handler                0x0001b960   Section        0  app_error_weak.o(i.app_error_fault_handler)
    i.app_error_handler_bare                 0x0001b9a8   Section        0  app_error.o(i.app_error_handler_bare)
    i.app_timer_create                       0x0001b9c0   Section        0  app_timer.o(i.app_timer_create)
    i.app_timer_init                         0x0001b9f0   Section        0  app_timer.o(i.app_timer_init)
    i.app_timer_start                        0x0001ba64   Section        0  app_timer.o(i.app_timer_start)
    i.app_timer_stop                         0x0001baec   Section        0  app_timer.o(i.app_timer_stop)
    i.app_util_critical_region_enter         0x0001bb14   Section        0  app_util_platform.o(i.app_util_critical_region_enter)
    i.app_util_critical_region_exit          0x0001bb50   Section        0  app_util_platform.o(i.app_util_critical_region_exit)
    i.apply_config                           0x0001bb7c   Section        0  nrf_drv_uart.o(i.apply_config)
    apply_config                             0x0001bb7d   Thumb Code   128  nrf_drv_uart.o(i.apply_config)
    i.ble_advdata_set                        0x0001bc00   Section        0  ble_advdata.o(i.ble_advdata_set)
    i.ble_advertising_init                   0x0001bc68   Section        0  ble_advertising.o(i.ble_advertising_init)
    i.ble_advertising_on_ble_evt             0x0001bdc4   Section        0  ble_advertising.o(i.ble_advertising_on_ble_evt)
    i.ble_advertising_start                  0x0001be1c   Section        0  ble_advertising.o(i.ble_advertising_start)
    i.ble_conn_params_init                   0x0001bf24   Section        0  ble_conn_params.o(i.ble_conn_params_init)
    i.ble_conn_params_on_ble_evt             0x0001bf78   Section        0  ble_conn_params.o(i.ble_conn_params_on_ble_evt)
    i.ble_device_addr_encode                 0x0001c008   Section        0  ble_advdata.o(i.ble_device_addr_encode)
    ble_device_addr_encode                   0x0001c009   Thumb Code    94  ble_advdata.o(i.ble_device_addr_encode)
    i.ble_nus_init                           0x0001c068   Section        0  ble_nus.o(i.ble_nus_init)
    i.ble_nus_on_ble_evt                     0x0001c0d0   Section        0  ble_nus.o(i.ble_nus_on_ble_evt)
    i.ble_nus_string_send                    0x0001c12c   Section        0  ble_nus.o(i.ble_nus_string_send)
    i.ble_srv_is_notification_enabled        0x0001c180   Section        0  ble_srv_common.o(i.ble_srv_is_notification_enabled)
    i.ble_stack_init                         0x0001c190   Section        0  bluetooth.o(i.ble_stack_init)
    ble_stack_init                           0x0001c191   Thumb Code    96  bluetooth.o(i.ble_stack_init)
    i.bluetooth_advertising_start            0x0001c1fc   Section        0  bluetooth.o(i.bluetooth_advertising_start)
    i.bluetooth_evt_dispatch                 0x0001c20e   Section        0  bluetooth.o(i.bluetooth_evt_dispatch)
    i.bluetooth_init                         0x0001c224   Section        0  bluetooth.o(i.bluetooth_init)
    i.bluetooth_on_disconnect                0x0001c2f8   Section        0  bluetooth.o(i.bluetooth_on_disconnect)
    i.buf_prealloc                           0x0001c30c   Section        0  nrf_log_frontend.o(i.buf_prealloc)
    buf_prealloc                             0x0001c30d   Thumb Code    98  nrf_log_frontend.o(i.buf_prealloc)
    i.buffer_is_empty                        0x0001c37c   Section        0  nrf_log_frontend.o(i.buffer_is_empty)
    i.channel_port_get                       0x0001c390   Section        0  nrf_drv_gpiote.o(i.channel_port_get)
    channel_port_get                         0x0001c391   Thumb Code    10  nrf_drv_gpiote.o(i.channel_port_get)
    i.clock_clk_started_notify               0x0001c3a0   Section        0  nrf_drv_clock.o(i.clock_clk_started_notify)
    clock_clk_started_notify                 0x0001c3a1   Thumb Code    34  nrf_drv_clock.o(i.clock_clk_started_notify)
    i.compare_reg_update                     0x0001c3c8   Section        0  app_timer.o(i.compare_reg_update)
    compare_reg_update                       0x0001c3c9   Thumb Code   142  app_timer.o(i.compare_reg_update)
    i.conn_int_encode                        0x0001c470   Section        0  ble_advdata.o(i.conn_int_encode)
    conn_int_encode                          0x0001c471   Thumb Code   130  ble_advdata.o(i.conn_int_encode)
    i.conn_params_negotiation                0x0001c4f8   Section        0  ble_conn_params.o(i.conn_params_negotiation)
    conn_params_negotiation                  0x0001c4f9   Thumb Code    92  ble_conn_params.o(i.conn_params_negotiation)
    i.custom_nus_dequeue_packet              0x0001c560   Section        0  custom_nus.o(i.custom_nus_dequeue_packet)
    i.custom_nus_enqueue_packet              0x0001c5a8   Section        0  custom_nus.o(i.custom_nus_enqueue_packet)
    i.custom_nus_get_adv_uuids               0x0001c658   Section        0  custom_nus.o(i.custom_nus_get_adv_uuids)
    i.custom_nus_on_ble_evt                  0x0001c660   Section        0  custom_nus.o(i.custom_nus_on_ble_evt)
    i.custom_nus_process_packet              0x0001c770   Section        0  custom_nus.o(i.custom_nus_process_packet)
    i.custom_nus_send_string                 0x0001c944   Section        0  custom_nus.o(i.custom_nus_send_string)
    i.custom_nus_services_init               0x0001c9c4   Section        0  custom_nus.o(i.custom_nus_services_init)
    i.elapsed_ticks_acquire                  0x0001ca08   Section        0  app_timer.o(i.elapsed_ticks_acquire)
    elapsed_ticks_acquire                    0x0001ca09   Thumb Code    58  app_timer.o(i.elapsed_ticks_acquire)
    i.fs_queued_op_count_get                 0x0001ca48   Section        0  fstorage.o(i.fs_queued_op_count_get)
    i.i2c_gpio_init                          0x0001ca60   Section        0  afficheur_i2c.o(i.i2c_gpio_init)
    i2c_gpio_init                            0x0001ca61   Thumb Code    10  afficheur_i2c.o(i.i2c_gpio_init)
    i.i2c_read_ack                           0x0001ca70   Section        0  afficheur_i2c.o(i.i2c_read_ack)
    i.i2c_start                              0x0001cab0   Section        0  afficheur_i2c.o(i.i2c_start)
    i.i2c_stop                               0x0001cadc   Section        0  afficheur_i2c.o(i.i2c_stop)
    i.i2c_write_bit                          0x0001cb00   Section        0  afficheur_i2c.o(i.i2c_write_bit)
    i.i2c_write_byte                         0x0001cb2c   Section        0  afficheur_i2c.o(i.i2c_write_byte)
    i.intern_softdevice_events_execute       0x0001cb94   Section        0  softdevice_handler.o(i.intern_softdevice_events_execute)
    i.is_conn_params_ok                      0x0001cc14   Section        0  ble_conn_params.o(i.is_conn_params_ok)
    is_conn_params_ok                        0x0001cc15   Thumb Code    24  ble_conn_params.o(i.is_conn_params_ok)
    i.is_manual_peripheral_setup_needed      0x0001cc30   Section        0  system_nrf51.o(i.is_manual_peripheral_setup_needed)
    is_manual_peripheral_setup_needed        0x0001cc31   Thumb Code    66  system_nrf51.o(i.is_manual_peripheral_setup_needed)
    i.lcd_cmd                                0x0001cc78   Section        0  afficheur_i2c.o(i.lcd_cmd)
    i.lcd_display_product                    0x0001cc8c   Section        0  custom_nus.o(i.lcd_display_product)
    lcd_display_product                      0x0001cc8d   Thumb Code   274  custom_nus.o(i.lcd_display_product)
    i.lcd_init                               0x0001ce5c   Section        0  afficheur_i2c.o(i.lcd_init)
    i.lcd_print_first_line                   0x0001ceca   Section        0  afficheur_i2c.o(i.lcd_print_first_line)
    i.lcd_print_second_line                  0x0001cedc   Section        0  afficheur_i2c.o(i.lcd_print_second_line)
    i.lcd_send_byte                          0x0001ceee   Section        0  afficheur_i2c.o(i.lcd_send_byte)
    i.lcd_send_nibble                        0x0001cf10   Section        0  afficheur_i2c.o(i.lcd_send_nibble)
    i.lcd_set_cursor                         0x0001cfa8   Section        0  afficheur_i2c.o(i.lcd_set_cursor)
    i.lcd_test                               0x0001cfc0   Section        0  afficheur_i2c.o(i.lcd_test)
    i.lcd_write                              0x0001d0c4   Section        0  afficheur_i2c.o(i.lcd_write)
    i.lcd_write_string                       0x0001d0d8   Section        0  afficheur_i2c.o(i.lcd_write_string)
    i.list_deletions_handler                 0x0001d124   Section        0  app_timer.o(i.list_deletions_handler)
    list_deletions_handler                   0x0001d125   Thumb Code   162  app_timer.o(i.list_deletions_handler)
    i.list_insertions_handler                0x0001d1d0   Section        0  app_timer.o(i.list_insertions_handler)
    list_insertions_handler                  0x0001d1d1   Thumb Code   178  app_timer.o(i.list_insertions_handler)
    i.main                                   0x0001d28c   Section        0  main.o(i.main)
    i.manuf_specific_data_encode             0x0001d328   Section        0  ble_advdata.o(i.manuf_specific_data_encode)
    manuf_specific_data_encode               0x0001d329   Thumb Code   104  ble_advdata.o(i.manuf_specific_data_encode)
    i.name_encode                            0x0001d390   Section        0  ble_advdata.o(i.name_encode)
    name_encode                              0x0001d391   Thumb Code   158  ble_advdata.o(i.name_encode)
    i.nrf_bitmask_bit_is_set                 0x0001d42e   Section        0  nrf_drv_gpiote.o(i.nrf_bitmask_bit_is_set)
    nrf_bitmask_bit_is_set                   0x0001d42f   Thumb Code    16  nrf_drv_gpiote.o(i.nrf_bitmask_bit_is_set)
    i.nrf_clock_event_check                  0x0001d43e   Section        0  nrf_drv_clock.o(i.nrf_clock_event_check)
    nrf_clock_event_check                    0x0001d43f   Thumb Code    16  nrf_drv_clock.o(i.nrf_clock_event_check)
    i.nrf_delay_ms                           0x0001d44e   Section        0  afficheur_i2c.o(i.nrf_delay_ms)
    nrf_delay_ms                             0x0001d44f   Thumb Code    14  afficheur_i2c.o(i.nrf_delay_ms)
    i.nrf_delay_us                           0x0001d45c   Section        0  app_timer.o(i.nrf_delay_us)
    nrf_delay_us                             0x0001d45d   Thumb Code    38  app_timer.o(i.nrf_delay_us)
    i.nrf_delay_us                           0x0001d48c   Section        0  afficheur_i2c.o(i.nrf_delay_us)
    nrf_delay_us                             0x0001d48d   Thumb Code    38  afficheur_i2c.o(i.nrf_delay_us)
    i.nrf_drv_clock_init                     0x0001d4bc   Section        0  nrf_drv_clock.o(i.nrf_drv_clock_init)
    i.nrf_drv_clock_on_sd_enable             0x0001d504   Section        0  nrf_drv_clock.o(i.nrf_drv_clock_on_sd_enable)
    i.nrf_drv_clock_on_soc_event             0x0001d538   Section        0  nrf_drv_clock.o(i.nrf_drv_clock_on_soc_event)
    i.nrf_drv_common_irq_enable              0x0001d544   Section        0  nrf_drv_common.o(i.nrf_drv_common_irq_enable)
    i.nrf_drv_uart_init                      0x0001d5a4   Section        0  nrf_drv_uart.o(i.nrf_drv_uart_init)
    i.nrf_drv_uart_uninit                    0x0001d624   Section        0  nrf_drv_uart.o(i.nrf_drv_uart_uninit)
    i.nrf_gpio_cfg                           0x0001d6bc   Section        0  nrf_drv_uart.o(i.nrf_gpio_cfg)
    nrf_gpio_cfg                             0x0001d6bd   Thumb Code    40  nrf_drv_uart.o(i.nrf_gpio_cfg)
    i.nrf_gpio_cfg_default                   0x0001d6e4   Section        0  nrf_drv_uart.o(i.nrf_gpio_cfg_default)
    nrf_gpio_cfg_default                     0x0001d6e5   Thumb Code    18  nrf_drv_uart.o(i.nrf_gpio_cfg_default)
    i.nrf_gpio_cfg_input                     0x0001d6f6   Section        0  nrf_drv_uart.o(i.nrf_gpio_cfg_input)
    nrf_gpio_cfg_input                       0x0001d6f7   Thumb Code    18  nrf_drv_uart.o(i.nrf_gpio_cfg_input)
    i.nrf_gpio_cfg_output                    0x0001d708   Section        0  nrf_drv_uart.o(i.nrf_gpio_cfg_output)
    nrf_gpio_cfg_output                      0x0001d709   Thumb Code    20  nrf_drv_uart.o(i.nrf_gpio_cfg_output)
    i.nrf_gpio_cfg_sense_set                 0x0001d71c   Section        0  nrf_drv_gpiote.o(i.nrf_gpio_cfg_sense_set)
    nrf_gpio_cfg_sense_set                   0x0001d71d   Thumb Code    34  nrf_drv_gpiote.o(i.nrf_gpio_cfg_sense_set)
    i.nrf_gpio_ports_read                    0x0001d740   Section        0  nrf_drv_gpiote.o(i.nrf_gpio_ports_read)
    nrf_gpio_ports_read                      0x0001d741   Thumb Code    36  nrf_drv_gpiote.o(i.nrf_gpio_ports_read)
    i.nrf_gpiote_event_clear                 0x0001d768   Section        0  nrf_drv_gpiote.o(i.nrf_gpiote_event_clear)
    nrf_gpiote_event_clear                   0x0001d769   Thumb Code    10  nrf_drv_gpiote.o(i.nrf_gpiote_event_clear)
    i.nrf_gpiote_event_is_set                0x0001d778   Section        0  nrf_drv_gpiote.o(i.nrf_gpiote_event_is_set)
    nrf_gpiote_event_is_set                  0x0001d779   Thumb Code    14  nrf_drv_gpiote.o(i.nrf_gpiote_event_is_set)
    i.nrf_log_backend_init                   0x0001d78c   Section        0  nrf_log_backend_serial.o(i.nrf_log_backend_init)
    i.nrf_log_blocking_backend_set           0x0001d804   Section        0  nrf_log_frontend.o(i.nrf_log_blocking_backend_set)
    i.nrf_log_frontend_dequeue               0x0001d810   Section        0  nrf_log_frontend.o(i.nrf_log_frontend_dequeue)
    i.nrf_log_frontend_std_0                 0x0001d95c   Section        0  nrf_log_frontend.o(i.nrf_log_frontend_std_0)
    i.nrf_log_frontend_std_1                 0x0001d9a8   Section        0  nrf_log_frontend.o(i.nrf_log_frontend_std_1)
    i.nrf_uart_event_check                   0x0001da08   Section        0  nrf_drv_uart.o(i.nrf_uart_event_check)
    nrf_uart_event_check                     0x0001da09   Thumb Code    10  nrf_drv_uart.o(i.nrf_uart_event_check)
    i.nrf_uart_int_enable_check              0x0001da12   Section        0  nrf_drv_uart.o(i.nrf_uart_int_enable_check)
    nrf_uart_int_enable_check                0x0001da13   Thumb Code    16  nrf_drv_uart.o(i.nrf_uart_int_enable_check)
    i.nus_data_handler                       0x0001da22   Section        0  custom_nus.o(i.nus_data_handler)
    nus_data_handler                         0x0001da23   Thumb Code    40  custom_nus.o(i.nus_data_handler)
    i.ram_end_address_get                    0x0001da4a   Section        0  softdevice_handler.o(i.ram_end_address_get)
    ram_end_address_get                      0x0001da4b   Thumb Code    16  softdevice_handler.o(i.ram_end_address_get)
    i.rtc1_stop                              0x0001da5c   Section        0  app_timer.o(i.rtc1_stop)
    rtc1_stop                                0x0001da5d   Thumb Code    50  app_timer.o(i.rtc1_stop)
    i.rx_byte                                0x0001daa0   Section        0  nrf_drv_uart.o(i.rx_byte)
    rx_byte                                  0x0001daa1   Thumb Code    38  nrf_drv_uart.o(i.rx_byte)
    i.rx_char_add                            0x0001dac6   Section        0  ble_nus.o(i.rx_char_add)
    rx_char_add                              0x0001dac7   Thumb Code   158  ble_nus.o(i.rx_char_add)
    i.rx_done_event                          0x0001db64   Section        0  nrf_drv_uart.o(i.rx_done_event)
    rx_done_event                            0x0001db65   Thumb Code    20  nrf_drv_uart.o(i.rx_done_event)
    i.sd_nvic_EnableIRQ                      0x0001db78   Section        0  softdevice_handler.o(i.sd_nvic_EnableIRQ)
    sd_nvic_EnableIRQ                        0x0001db79   Thumb Code   112  softdevice_handler.o(i.sd_nvic_EnableIRQ)
    i.service_data_encode                    0x0001dbfc   Section        0  ble_advdata.o(i.service_data_encode)
    service_data_encode                      0x0001dbfd   Thumb Code   142  ble_advdata.o(i.service_data_encode)
    i.set_adv_mode_fast                      0x0001dc8c   Section        0  ble_advertising.o(i.set_adv_mode_fast)
    set_adv_mode_fast                        0x0001dc8d   Thumb Code    80  ble_advertising.o(i.set_adv_mode_fast)
    i.set_adv_mode_slow                      0x0001dce4   Section        0  ble_advertising.o(i.set_adv_mode_slow)
    set_adv_mode_slow                        0x0001dce5   Thumb Code    76  ble_advertising.o(i.set_adv_mode_slow)
    i.softdevice_ble_evt_handler_set         0x0001dd38   Section        0  softdevice_handler.o(i.softdevice_ble_evt_handler_set)
    i.softdevice_enable                      0x0001dd4c   Section        0  softdevice_handler.o(i.softdevice_enable)
    i.softdevice_enable_get_default_config   0x0001ddf0   Section        0  softdevice_handler.o(i.softdevice_enable_get_default_config)
    i.softdevice_fault_handler               0x0001de18   Section        0  softdevice_handler.o(i.softdevice_fault_handler)
    i.softdevice_handler_init                0x0001de20   Section        0  softdevice_handler.o(i.softdevice_handler_init)
    i.softdevice_handler_is_enabled          0x0001de78   Section        0  softdevice_handler.o(i.softdevice_handler_is_enabled)
    i.strcat_safe                            0x0001de84   Section        0  custom_nus.o(i.strcat_safe)
    i.timer_list_handler                     0x0001debc   Section        0  app_timer.o(i.timer_list_handler)
    timer_list_handler                       0x0001debd   Thumb Code   128  app_timer.o(i.timer_list_handler)
    i.timer_list_handler_sched               0x0001df40   Section        0  app_timer.o(i.timer_list_handler_sched)
    timer_list_handler_sched                 0x0001df41   Thumb Code    10  app_timer.o(i.timer_list_handler_sched)
    i.timer_list_insert                      0x0001df50   Section        0  app_timer.o(i.timer_list_insert)
    timer_list_insert                        0x0001df51   Thumb Code    60  app_timer.o(i.timer_list_insert)
    i.timer_stop_op_schedule                 0x0001df90   Section        0  app_timer.o(i.timer_stop_op_schedule)
    timer_stop_op_schedule                   0x0001df91   Thumb Code    68  app_timer.o(i.timer_stop_op_schedule)
    i.timer_timeouts_check                   0x0001dfd8   Section        0  app_timer.o(i.timer_timeouts_check)
    timer_timeouts_check                     0x0001dfd9   Thumb Code   118  app_timer.o(i.timer_timeouts_check)
    i.tx_byte                                0x0001e058   Section        0  nrf_drv_uart.o(i.tx_byte)
    tx_byte                                  0x0001e059   Thumb Code    30  nrf_drv_uart.o(i.tx_byte)
    i.tx_char_add                            0x0001e076   Section        0  ble_nus.o(i.tx_char_add)
    tx_char_add                              0x0001e077   Thumb Code   128  ble_nus.o(i.tx_char_add)
    i.tx_done_event                          0x0001e0f6   Section        0  nrf_drv_uart.o(i.tx_done_event)
    tx_done_event                            0x0001e0f7   Thumb Code    24  nrf_drv_uart.o(i.tx_done_event)
    i.uart_event_handler                     0x0001e110   Section        0  nrf_log_backend_serial.o(i.uart_event_handler)
    uart_event_handler                       0x0001e111   Thumb Code    12  nrf_log_backend_serial.o(i.uart_event_handler)
    i.uart_irq_handler                       0x0001e120   Section        0  nrf_drv_uart.o(i.uart_irq_handler)
    uart_irq_handler                         0x0001e121   Thumb Code   296  nrf_drv_uart.o(i.uart_irq_handler)
    i.uint16_encode                          0x0001e248   Section        0  ble_advdata.o(i.uint16_encode)
    uint16_encode                            0x0001e249   Thumb Code    10  ble_advdata.o(i.uint16_encode)
    i.uint32_to_hex                          0x0001e254   Section        0  custom_nus.o(i.uint32_to_hex)
    i.update_timeout_handler                 0x0001e298   Section        0  ble_conn_params.o(i.update_timeout_handler)
    update_timeout_handler                   0x0001e299   Thumb Code    86  ble_conn_params.o(i.update_timeout_handler)
    i.user_op_alloc                          0x0001e2fc   Section        0  app_timer.o(i.user_op_alloc)
    user_op_alloc                            0x0001e2fd   Thumb Code    40  app_timer.o(i.user_op_alloc)
    i.uuid_list_encode                       0x0001e328   Section        0  ble_advdata.o(i.uuid_list_encode)
    uuid_list_encode                         0x0001e329   Thumb Code    48  ble_advdata.o(i.uuid_list_encode)
    i.uuid_list_sized_encode                 0x0001e358   Section        0  ble_advdata.o(i.uuid_list_sized_encode)
    uuid_list_sized_encode                   0x0001e359   Thumb Code   174  ble_advdata.o(i.uuid_list_sized_encode)
    i.whitelist_has_entries                  0x0001e408   Section        0  ble_advertising.o(i.whitelist_has_entries)
    whitelist_has_entries                    0x0001e409   Thumb Code    18  ble_advertising.o(i.whitelist_has_entries)
    .constdata                               0x0001e420   Section        4  ble_conn_params.o(.constdata)
    m_conn_params_timer_id                   0x0001e420   Data           4  ble_conn_params.o(.constdata)
    .constdata                               0x0001e424   Section       16  ble_nus.o(.constdata)
    .constdata                               0x0001e434   Section        4  nrf_drv_gpiote.o(.constdata)
    .constdata                               0x0001e438   Section       32  nrf_log_backend_serial.o(.constdata)
    .constdata                               0x0001e458   Section       36  nrf_log_frontend.o(.constdata)
    .constdata                               0x0001e47c   Section       11  bluetooth.o(.constdata)
    custom_addr                              0x0001e480   Data           7  bluetooth.o(.constdata)
    .constdata                               0x0001e488   Section      112  custom_nus.o(.constdata)
    nus_base_uuid                            0x0001e488   Data          16  custom_nus.o(.constdata)
    .conststring                             0x0001e4f8   Section       11  nrf_log_frontend.o(.conststring)
    .conststring                             0x0001e504   Section       66  softdevice_handler.o(.conststring)
    .data                                    0x20001fe8   Section        4  system_nrf51.o(.data)
    __tagsym$$used                           0x20001fe8   Number         0  system_nrf51.o(.data)
    .data                                    0x20001fec   Section       48  ble_advertising.o(.data)
    m_initialized                            0x20001fec   Data           1  ble_advertising.o(.data)
    m_advertising_start_pending              0x20001fed   Data           1  ble_advertising.o(.data)
    m_adv_evt                                0x20001fee   Data           1  ble_advertising.o(.data)
    m_adv_mode_current                       0x20001fef   Data           1  ble_advertising.o(.data)
    m_peer_addr_reply_expected               0x20001ff0   Data           1  ble_advertising.o(.data)
    m_whitelist_temporarily_disabled         0x20001ff1   Data           1  ble_advertising.o(.data)
    m_whitelist_reply_expected               0x20001ff2   Data           1  ble_advertising.o(.data)
    m_current_slave_link_conn_handle         0x20001ff4   Data           2  ble_advertising.o(.data)
    m_slave_conn_int                         0x20001ff6   Data           4  ble_advertising.o(.data)
    m_evt_handler                            0x20001ffc   Data           4  ble_advertising.o(.data)
    m_error_handler                          0x20002000   Data           4  ble_advertising.o(.data)
    m_peer_address                           0x20002004   Data           7  ble_advertising.o(.data)
    m_whitelist                              0x2000200c   Data          16  ble_advertising.o(.data)
    .data                                    0x2000201c   Section       20  ble_conn_params.o(.data)
    m_change_param                           0x2000201c   Data           1  ble_conn_params.o(.data)
    m_update_count                           0x2000201d   Data           1  ble_conn_params.o(.data)
    m_conn_handle                            0x2000201e   Data           2  ble_conn_params.o(.data)
    m_preferred_conn_params                  0x20002020   Data           8  ble_conn_params.o(.data)
    m_current_conn_params                    0x20002028   Data           8  ble_conn_params.o(.data)
    .data                                    0x20002030   Section       32  app_timer.o(.data)
    m_ticks_elapsed_q_read_ind               0x20002030   Data           1  app_timer.o(.data)
    m_ticks_elapsed_q_write_ind              0x20002031   Data           1  app_timer.o(.data)
    m_rtc1_running                           0x20002032   Data           1  app_timer.o(.data)
    m_rtc1_reset                             0x20002033   Data           1  app_timer.o(.data)
    mp_timer_id_head                         0x20002034   Data           4  app_timer.o(.data)
    m_ticks_latest                           0x20002038   Data           4  app_timer.o(.data)
    m_evt_schedule_func                      0x2000203c   Data           4  app_timer.o(.data)
    m_op_queue                               0x20002040   Data           8  app_timer.o(.data)
    m_ticks_elapsed                          0x20002048   Data           8  app_timer.o(.data)
    .data                                    0x20002050   Section       12  app_util_platform.o(.data)
    m_in_critical_region                     0x20002050   Data           4  app_util_platform.o(.data)
    .data                                    0x2000205c   Section       12  nrf_log_backend_serial.o(.data)
    m_initialized                            0x2000205c   Data           1  nrf_log_backend_serial.o(.data)
    m_blocking_mode                          0x2000205d   Data           1  nrf_log_backend_serial.o(.data)
    m_rx_done                                0x2000205e   Data           1  nrf_log_backend_serial.o(.data)
    m_uart                                   0x20002060   Data           8  nrf_log_backend_serial.o(.data)
    .data                                    0x20002068   Section        4  nrf_log_frontend.o(.data)
    m_overflow_info                          0x20002068   Data           4  nrf_log_frontend.o(.data)
    .data                                    0x2000206c   Section       20  softdevice_handler.o(.data)
    m_softdevice_enabled                     0x2000206c   Data           1  softdevice_handler.o(.data)
    m_suspended                              0x2000206d   Data           1  softdevice_handler.o(.data)
    m_ble_evt_buffer_size                    0x2000206e   Data           2  softdevice_handler.o(.data)
    m_evt_schedule_func                      0x20002070   Data           4  softdevice_handler.o(.data)
    mp_ble_evt_buffer                        0x20002074   Data           4  softdevice_handler.o(.data)
    m_ble_evt_handler                        0x20002078   Data           4  softdevice_handler.o(.data)
    m_sys_evt_handler                        0x2000207c   Data           4  softdevice_handler.o(.data)
    .data                                    0x20002080   Section       28  custom_nus.o(.data)
    queue_head                               0x20002080   Data           1  custom_nus.o(.data)
    queue_tail                               0x20002081   Data           1  custom_nus.o(.data)
    queue_count                              0x20002082   Data           1  custom_nus.o(.data)
    receive_state                            0x20002083   Data           1  custom_nus.o(.data)
    m_nus_uuid_type                          0x20002084   Data           1  custom_nus.o(.data)
    m_conn_handle                            0x20002086   Data           2  custom_nus.o(.data)
    m_adv_uuids                              0x20002088   Data           4  custom_nus.o(.data)
    received_id                              0x2000208c   Data           8  custom_nus.o(.data)
    received_price                           0x20002094   Data           8  custom_nus.o(.data)
    .bss                                     0x2000209c   Section      120  main.o(.bss)
    APP_TIMER_BUF                            0x2000209c   Data         120  main.o(.bss)
    .bss                                     0x20002114   Section      363  ble_advertising.o(.bss)
    m_adv_modes_config                       0x20002114   Data          32  ble_advertising.o(.bss)
    m_advdata                                0x20002134   Data          60  ble_advertising.o(.bss)
    m_manuf_specific_data                    0x20002170   Data          12  ble_advertising.o(.bss)
    m_manuf_data_array                       0x2000217c   Data          31  ble_advertising.o(.bss)
    m_service_data                           0x2000219c   Data          12  ble_advertising.o(.bss)
    m_service_data_array                     0x200021a8   Data          31  ble_advertising.o(.bss)
    m_whitelist_addrs                        0x200021c7   Data          56  ble_advertising.o(.bss)
    m_whitelist_irks                         0x200021ff   Data         128  ble_advertising.o(.bss)
    .bss                                     0x20002280   Section       32  ble_advertising.o(.bss)
    m_p_whitelist_addrs                      0x20002280   Data          32  ble_advertising.o(.bss)
    .bss                                     0x200022a0   Section       32  ble_advertising.o(.bss)
    m_p_whitelist_irks                       0x200022a0   Data          32  ble_advertising.o(.bss)
    .bss                                     0x200022c0   Section       32  ble_conn_params.o(.bss)
    m_conn_params_timer_id_data              0x200022c0   Data          32  ble_conn_params.o(.bss)
    .bss                                     0x200022e0   Section       28  ble_conn_params.o(.bss)
    m_conn_params_config                     0x200022e0   Data          28  ble_conn_params.o(.bss)
    .bss                                     0x200022fc   Section       20  nrf_drv_clock.o(.bss)
    m_clock_cb                               0x200022fc   Data          20  nrf_drv_clock.o(.bss)
    .bss                                     0x20002310   Section       72  nrf_drv_gpiote.o(.bss)
    m_cb                                     0x20002310   Data          72  nrf_drv_gpiote.o(.bss)
    .bss                                     0x20002358   Section       28  nrf_drv_uart.o(.bss)
    m_cb                                     0x20002358   Data          28  nrf_drv_uart.o(.bss)
    .bss                                     0x20002374   Section      104  fstorage.o(.bss)
    m_queue                                  0x20002374   Data         104  fstorage.o(.bss)
    .bss                                     0x200023dc   Section     1048  nrf_log_frontend.o(.bss)
    m_log_data                               0x200023dc   Data        1048  nrf_log_frontend.o(.bss)
    .bss                                     0x200027f4   Section      200  segger_rtt.o(.bss)
    _acUpBuffer                              0x200027f4   Data          64  segger_rtt.o(.bss)
    _acDownBuffer                            0x20002834   Data          16  segger_rtt.o(.bss)
    .bss                                     0x200028bc   Section       72  bluetooth.o(.bss)
    BLE_EVT_BUFFER                           0x200028bc   Data          72  bluetooth.o(.bss)
    .bss                                     0x20002904   Section      148  custom_nus.o(.bss)
    m_nus                                    0x20002904   Data          28  custom_nus.o(.bss)
    packet_queue                             0x20002920   Data          88  custom_nus.o(.bss)
    received_name                            0x20002978   Data          16  custom_nus.o(.bss)
    received_details                         0x20002988   Data          16  custom_nus.o(.bss)
    STACK                                    0x20002998   Section     2048  arm_startup_nrf51.o(STACK)

    Global Symbols

    Symbol Name                              Value     Ov Type        Size  Object(Section)

    BuildAttributes$$THM_ISAv3M$S$PE$A:L22$X:L11$S22$IEEE1$IW$USESV6$~STKCKD$USESV7$~SHL$OSPACE$ROPI$EBA8$MICROLIB$REQ8$PRES8$EABIv2 0x00000000   Number         0  anon$$obj.o ABSOLUTE
    __ARM_use_no_argv                        0x00000000   Number         0  main.o ABSOLUTE
    _printf_a                                0x00000000   Number         0  stubs.o ABSOLUTE
    _printf_c                                0x00000000   Number         0  stubs.o ABSOLUTE
    _printf_charcount                        0x00000000   Number         0  stubs.o ABSOLUTE
    _printf_d                                0x00000000   Number         0  stubs.o ABSOLUTE
    _printf_e                                0x00000000   Number         0  stubs.o ABSOLUTE
    _printf_f                                0x00000000   Number         0  stubs.o ABSOLUTE
    _printf_flags                            0x00000000   Number         0  stubs.o ABSOLUTE
    _printf_fp_dec                           0x00000000   Number         0  stubs.o ABSOLUTE
    _printf_fp_hex                           0x00000000   Number         0  stubs.o ABSOLUTE
    _printf_g                                0x00000000   Number         0  stubs.o ABSOLUTE
    _printf_i                                0x00000000   Number         0  stubs.o ABSOLUTE
    _printf_int_dec                          0x00000000   Number         0  stubs.o ABSOLUTE
    _printf_l                                0x00000000   Number         0  stubs.o ABSOLUTE
    _printf_lc                               0x00000000   Number         0  stubs.o ABSOLUTE
    _printf_ll                               0x00000000   Number         0  stubs.o ABSOLUTE
    _printf_lld                              0x00000000   Number         0  stubs.o ABSOLUTE
    _printf_lli                              0x00000000   Number         0  stubs.o ABSOLUTE
    _printf_llo                              0x00000000   Number         0  stubs.o ABSOLUTE
    _printf_llu                              0x00000000   Number         0  stubs.o ABSOLUTE
    _printf_llx                              0x00000000   Number         0  stubs.o ABSOLUTE
    _printf_longlong_dec                     0x00000000   Number         0  stubs.o ABSOLUTE
    _printf_longlong_hex                     0x00000000   Number         0  stubs.o ABSOLUTE
    _printf_longlong_oct                     0x00000000   Number         0  stubs.o ABSOLUTE
    _printf_ls                               0x00000000   Number         0  stubs.o ABSOLUTE
    _printf_mbtowc                           0x00000000   Number         0  stubs.o ABSOLUTE
    _printf_n                                0x00000000   Number         0  stubs.o ABSOLUTE
    _printf_o                                0x00000000   Number         0  stubs.o ABSOLUTE
    _printf_p                                0x00000000   Number         0  stubs.o ABSOLUTE
    _printf_percent                          0x00000000   Number         0  stubs.o ABSOLUTE
    _printf_pre_padding                      0x00000000   Number         0  stubs.o ABSOLUTE
    _printf_return_value                     0x00000000   Number         0  stubs.o ABSOLUTE
    _printf_s                                0x00000000   Number         0  stubs.o ABSOLUTE
    _printf_sizespec                         0x00000000   Number         0  stubs.o ABSOLUTE
    _printf_str                              0x00000000   Number         0  stubs.o ABSOLUTE
    _printf_truncate_signed                  0x00000000   Number         0  stubs.o ABSOLUTE
    _printf_truncate_unsigned                0x00000000   Number         0  stubs.o ABSOLUTE
    _printf_u                                0x00000000   Number         0  stubs.o ABSOLUTE
    _printf_wc                               0x00000000   Number         0  stubs.o ABSOLUTE
    _printf_wctomb                           0x00000000   Number         0  stubs.o ABSOLUTE
    _printf_widthprec                        0x00000000   Number         0  stubs.o ABSOLUTE
    _printf_x                                0x00000000   Number         0  stubs.o ABSOLUTE
    __arm_fini_                               - Undefined Weak Reference
    __cpp_initialize__aeabi_                  - Undefined Weak Reference
    __cxa_finalize                            - Undefined Weak Reference
    __decompress                              - Undefined Weak Reference
    _clock_init                               - Undefined Weak Reference
    _microlib_exit                            - Undefined Weak Reference
    fs_data$$Base                             - Undefined Reference
    fs_data$$Limit                            - Undefined Reference
    __Vectors_Size                           0x000000c0   Number         0  arm_startup_nrf51.o ABSOLUTE
    __Vectors                                0x0001b000   Data           4  arm_startup_nrf51.o(RESET)
    __Vectors_End                            0x0001b0c0   Data           0  arm_startup_nrf51.o(RESET)
    __main                                   0x0001b0c1   Thumb Code     0  entry.o(.ARM.Collect$$$$00000000)
    _main_stk                                0x0001b0c1   Thumb Code     0  entry2.o(.ARM.Collect$$$$00000001)
    _main_scatterload                        0x0001b0c5   Thumb Code     0  entry5.o(.ARM.Collect$$$$00000004)
    __main_after_scatterload                 0x0001b0c9   Thumb Code     0  entry5.o(.ARM.Collect$$$$00000004)
    _main_clock                              0x0001b0c9   Thumb Code     0  entry7b.o(.ARM.Collect$$$$00000008)
    _main_cpp_init                           0x0001b0c9   Thumb Code     0  entry8b.o(.ARM.Collect$$$$0000000A)
    _main_init                               0x0001b0c9   Thumb Code     0  entry9a.o(.ARM.Collect$$$$0000000B)
    __rt_lib_shutdown_fini                   0x0001b0d1   Thumb Code     0  entry12b.o(.ARM.Collect$$$$0000000E)
    __rt_final_cpp                           0x0001b0d5   Thumb Code     0  entry10a.o(.ARM.Collect$$$$0000000F)
    __rt_final_exit                          0x0001b0d5   Thumb Code     0  entry11a.o(.ARM.Collect$$$$00000011)
    Reset_Handler                            0x0001b0d9   Thumb Code    26  arm_startup_nrf51.o(.text)
    NMI_Handler                              0x0001b0f3   Thumb Code     2  arm_startup_nrf51.o(.text)
    HardFault_Handler                        0x0001b0f5   Thumb Code     2  arm_startup_nrf51.o(.text)
    SVC_Handler                              0x0001b0f7   Thumb Code     2  arm_startup_nrf51.o(.text)
    PendSV_Handler                           0x0001b0f9   Thumb Code     2  arm_startup_nrf51.o(.text)
    SysTick_Handler                          0x0001b0fb   Thumb Code     2  arm_startup_nrf51.o(.text)
    ADC_IRQHandler                           0x0001b0fd   Thumb Code     0  arm_startup_nrf51.o(.text)
    CCM_AAR_IRQHandler                       0x0001b0fd   Thumb Code     0  arm_startup_nrf51.o(.text)
    ECB_IRQHandler                           0x0001b0fd   Thumb Code     0  arm_startup_nrf51.o(.text)
    LPCOMP_IRQHandler                        0x0001b0fd   Thumb Code     0  arm_startup_nrf51.o(.text)
    QDEC_IRQHandler                          0x0001b0fd   Thumb Code     0  arm_startup_nrf51.o(.text)
    RADIO_IRQHandler                         0x0001b0fd   Thumb Code     0  arm_startup_nrf51.o(.text)
    RNG_IRQHandler                           0x0001b0fd   Thumb Code     0  arm_startup_nrf51.o(.text)
    RTC0_IRQHandler                          0x0001b0fd   Thumb Code     0  arm_startup_nrf51.o(.text)
    SPI0_TWI0_IRQHandler                     0x0001b0fd   Thumb Code     0  arm_startup_nrf51.o(.text)
    SPI1_TWI1_IRQHandler                     0x0001b0fd   Thumb Code     0  arm_startup_nrf51.o(.text)
    SWI1_IRQHandler                          0x0001b0fd   Thumb Code     0  arm_startup_nrf51.o(.text)
    SWI3_IRQHandler                          0x0001b0fd   Thumb Code     0  arm_startup_nrf51.o(.text)
    SWI4_IRQHandler                          0x0001b0fd   Thumb Code     0  arm_startup_nrf51.o(.text)
    SWI5_IRQHandler                          0x0001b0fd   Thumb Code     0  arm_startup_nrf51.o(.text)
    TEMP_IRQHandler                          0x0001b0fd   Thumb Code     0  arm_startup_nrf51.o(.text)
    TIMER0_IRQHandler                        0x0001b0fd   Thumb Code     0  arm_startup_nrf51.o(.text)
    TIMER1_IRQHandler                        0x0001b0fd   Thumb Code     0  arm_startup_nrf51.o(.text)
    TIMER2_IRQHandler                        0x0001b0fd   Thumb Code     0  arm_startup_nrf51.o(.text)
    WDT_IRQHandler                           0x0001b0fd   Thumb Code     0  arm_startup_nrf51.o(.text)
    __aeabi_uidiv                            0x0001b111   Thumb Code     0  uidiv.o(.text)
    __aeabi_uidivmod                         0x0001b111   Thumb Code    44  uidiv.o(.text)
    __aeabi_memcpy                           0x0001b13d   Thumb Code    36  memcpya.o(.text)
    __aeabi_memcpy4                          0x0001b13d   Thumb Code     0  memcpya.o(.text)
    __aeabi_memcpy8                          0x0001b13d   Thumb Code     0  memcpya.o(.text)
    __aeabi_memset                           0x0001b161   Thumb Code    14  memseta.o(.text)
    __aeabi_memset4                          0x0001b161   Thumb Code     0  memseta.o(.text)
    __aeabi_memset8                          0x0001b161   Thumb Code     0  memseta.o(.text)
    __aeabi_memclr                           0x0001b16f   Thumb Code     4  memseta.o(.text)
    __aeabi_memclr4                          0x0001b16f   Thumb Code     0  memseta.o(.text)
    __aeabi_memclr8                          0x0001b16f   Thumb Code     0  memseta.o(.text)
    _memset$wrapper                          0x0001b173   Thumb Code    18  memseta.o(.text)
    strncpy                                  0x0001b185   Thumb Code    26  strncpy.o(.text)
    strlen                                   0x0001b19f   Thumb Code    14  strlen.o(.text)
    strcmp                                   0x0001b1ad   Thumb Code    28  strcmp.o(.text)
    strncat                                  0x0001b1c9   Thumb Code    40  strncat.o(.text)
    strcpy                                   0x0001b1f1   Thumb Code    18  strcpy.o(.text)
    __scatterload                            0x0001b205   Thumb Code    28  init.o(.text)
    __scatterload_rt2                        0x0001b205   Thumb Code     0  init.o(.text)
    GPIOTE_IRQHandler                        0x0001b229   Thumb Code   364  nrf_drv_gpiote.o(i.GPIOTE_IRQHandler)
    POWER_CLOCK_IRQHandler                   0x0001b3e5   Thumb Code    70  nrf_drv_clock.o(i.POWER_CLOCK_IRQHandler)
    RTC1_IRQHandler                          0x0001b439   Thumb Code    28  app_timer.o(i.RTC1_IRQHandler)
    SEGGER_RTT_Init                          0x0001b459   Thumb Code    16  segger_rtt.o(i.SEGGER_RTT_Init)
    SEGGER_RTT_Write                         0x0001b46d   Thumb Code    56  segger_rtt.o(i.SEGGER_RTT_Write)
    SEGGER_RTT_WriteNoLock                   0x0001b4a9   Thumb Code    86  segger_rtt.o(i.SEGGER_RTT_WriteNoLock)
    SEGGER_RTT_WriteString                   0x0001b505   Thumb Code    24  segger_rtt.o(i.SEGGER_RTT_WriteString)
    SWI0_IRQHandler                          0x0001b51d   Thumb Code     8  app_timer.o(i.SWI0_IRQHandler)
    SWI2_IRQHandler                          0x0001b525   Thumb Code    28  softdevice_handler.o(i.SWI2_IRQHandler)
    SystemInit                               0x0001b545   Thumb Code   130  system_nrf51.o(i.SystemInit)
    UART0_IRQHandler                         0x0001b5e5   Thumb Code    12  nrf_drv_uart.o(i.UART0_IRQHandler)
    __ARM_common_switch8                     0x0001b713   Thumb Code    26  bsp.o(i.__ARM_common_switch8)
    __scatterload_copy                       0x0001b72d   Thumb Code    14  handlers.o(i.__scatterload_copy)
    __scatterload_null                       0x0001b73b   Thumb Code     2  handlers.o(i.__scatterload_null)
    __scatterload_zeroinit                   0x0001b73d   Thumb Code    14  handlers.o(i.__scatterload_zeroinit)
    adv_data_encode                          0x0001b769   Thumb Code   398  ble_advdata.o(i.adv_data_encode)
    app_error_fault_handler                  0x0001b961   Thumb Code    40  app_error_weak.o(i.app_error_fault_handler)
    app_error_handler_bare                   0x0001b9a9   Thumb Code    20  app_error.o(i.app_error_handler_bare)
    app_timer_create                         0x0001b9c1   Thumb Code    44  app_timer.o(i.app_timer_create)
    app_timer_init                           0x0001b9f1   Thumb Code    98  app_timer.o(i.app_timer_init)
    app_timer_start                          0x0001ba65   Thumb Code   128  app_timer.o(i.app_timer_start)
    app_timer_stop                           0x0001baed   Thumb Code    36  app_timer.o(i.app_timer_stop)
    app_util_critical_region_enter           0x0001bb15   Thumb Code    48  app_util_platform.o(i.app_util_critical_region_enter)
    app_util_critical_region_exit            0x0001bb51   Thumb Code    36  app_util_platform.o(i.app_util_critical_region_exit)
    ble_advdata_set                          0x0001bc01   Thumb Code   104  ble_advdata.o(i.ble_advdata_set)
    ble_advertising_init                     0x0001bc69   Thumb Code   340  ble_advertising.o(i.ble_advertising_init)
    ble_advertising_on_ble_evt               0x0001bdc5   Thumb Code    82  ble_advertising.o(i.ble_advertising_on_ble_evt)
    ble_advertising_start                    0x0001be1d   Thumb Code   256  ble_advertising.o(i.ble_advertising_start)
    ble_conn_params_init                     0x0001bf25   Thumb Code    68  ble_conn_params.o(i.ble_conn_params_init)
    ble_conn_params_on_ble_evt               0x0001bf79   Thumb Code   130  ble_conn_params.o(i.ble_conn_params_on_ble_evt)
    ble_nus_init                             0x0001c069   Thumb Code    98  ble_nus.o(i.ble_nus_init)
    ble_nus_on_ble_evt                       0x0001c0d1   Thumb Code    92  ble_nus.o(i.ble_nus_on_ble_evt)
    ble_nus_string_send                      0x0001c12d   Thumb Code    78  ble_nus.o(i.ble_nus_string_send)
    ble_srv_is_notification_enabled          0x0001c181   Thumb Code    14  ble_srv_common.o(i.ble_srv_is_notification_enabled)
    bluetooth_advertising_start              0x0001c1fd   Thumb Code    18  bluetooth.o(i.bluetooth_advertising_start)
    bluetooth_evt_dispatch                   0x0001c20f   Thumb Code    22  bluetooth.o(i.bluetooth_evt_dispatch)
    bluetooth_init                           0x0001c225   Thumb Code   196  bluetooth.o(i.bluetooth_init)
    bluetooth_on_disconnect                  0x0001c2f9   Thumb Code    18  bluetooth.o(i.bluetooth_on_disconnect)
    buffer_is_empty                          0x0001c37d   Thumb Code    16  nrf_log_frontend.o(i.buffer_is_empty)
    custom_nus_dequeue_packet                0x0001c561   Thumb Code    62  custom_nus.o(i.custom_nus_dequeue_packet)
    custom_nus_enqueue_packet                0x0001c5a9   Thumb Code   138  custom_nus.o(i.custom_nus_enqueue_packet)
    custom_nus_get_adv_uuids                 0x0001c659   Thumb Code     4  custom_nus.o(i.custom_nus_get_adv_uuids)
    custom_nus_on_ble_evt                    0x0001c661   Thumb Code   200  custom_nus.o(i.custom_nus_on_ble_evt)
    custom_nus_process_packet                0x0001c771   Thumb Code   364  custom_nus.o(i.custom_nus_process_packet)
    custom_nus_send_string                   0x0001c945   Thumb Code   106  custom_nus.o(i.custom_nus_send_string)
    custom_nus_services_init                 0x0001c9c5   Thumb Code    50  custom_nus.o(i.custom_nus_services_init)
    fs_queued_op_count_get                   0x0001ca49   Thumb Code    18  fstorage.o(i.fs_queued_op_count_get)
    i2c_read_ack                             0x0001ca71   Thumb Code    44  afficheur_i2c.o(i.i2c_read_ack)
    i2c_start                                0x0001cab1   Thumb Code    40  afficheur_i2c.o(i.i2c_start)
    i2c_stop                                 0x0001cadd   Thumb Code    32  afficheur_i2c.o(i.i2c_stop)
    i2c_write_bit                            0x0001cb01   Thumb Code    38  afficheur_i2c.o(i.i2c_write_bit)
    i2c_write_byte                           0x0001cb2d   Thumb Code    56  afficheur_i2c.o(i.i2c_write_byte)
    intern_softdevice_events_execute         0x0001cb95   Thumb Code   122  softdevice_handler.o(i.intern_softdevice_events_execute)
    lcd_cmd                                  0x0001cc79   Thumb Code    18  afficheur_i2c.o(i.lcd_cmd)
    lcd_init                                 0x0001ce5d   Thumb Code   110  afficheur_i2c.o(i.lcd_init)
    lcd_print_first_line                     0x0001cecb   Thumb Code    18  afficheur_i2c.o(i.lcd_print_first_line)
    lcd_print_second_line                    0x0001cedd   Thumb Code    18  afficheur_i2c.o(i.lcd_print_second_line)
    lcd_send_byte                            0x0001ceef   Thumb Code    32  afficheur_i2c.o(i.lcd_send_byte)
    lcd_send_nibble                          0x0001cf11   Thumb Code    84  afficheur_i2c.o(i.lcd_send_nibble)
    lcd_set_cursor                           0x0001cfa9   Thumb Code    22  afficheur_i2c.o(i.lcd_set_cursor)
    lcd_test                                 0x0001cfc1   Thumb Code    90  afficheur_i2c.o(i.lcd_test)
    lcd_write                                0x0001d0c5   Thumb Code    18  afficheur_i2c.o(i.lcd_write)
    lcd_write_string                         0x0001d0d9   Thumb Code    48  afficheur_i2c.o(i.lcd_write_string)
    main                                     0x0001d28d   Thumb Code    72  main.o(i.main)
    nrf_drv_clock_init                       0x0001d4bd   Thumb Code    60  nrf_drv_clock.o(i.nrf_drv_clock_init)
    nrf_drv_clock_on_sd_enable               0x0001d505   Thumb Code    46  nrf_drv_clock.o(i.nrf_drv_clock_on_sd_enable)
    nrf_drv_clock_on_soc_event               0x0001d539   Thumb Code    12  nrf_drv_clock.o(i.nrf_drv_clock_on_soc_event)
    nrf_drv_common_irq_enable                0x0001d545   Thumb Code    78  nrf_drv_common.o(i.nrf_drv_common_irq_enable)
    nrf_drv_uart_init                        0x0001d5a5   Thumb Code   118  nrf_drv_uart.o(i.nrf_drv_uart_init)
    nrf_drv_uart_uninit                      0x0001d625   Thumb Code   140  nrf_drv_uart.o(i.nrf_drv_uart_uninit)
    nrf_log_backend_init                     0x0001d78d   Thumb Code   102  nrf_log_backend_serial.o(i.nrf_log_backend_init)
    nrf_log_blocking_backend_set             0x0001d805   Thumb Code    10  nrf_log_frontend.o(i.nrf_log_blocking_backend_set)
    nrf_log_frontend_dequeue                 0x0001d811   Thumb Code   318  nrf_log_frontend.o(i.nrf_log_frontend_dequeue)
    nrf_log_frontend_std_0                   0x0001d95d   Thumb Code    68  nrf_log_frontend.o(i.nrf_log_frontend_std_0)
    nrf_log_frontend_std_1                   0x0001d9a9   Thumb Code    86  nrf_log_frontend.o(i.nrf_log_frontend_std_1)
    softdevice_ble_evt_handler_set           0x0001dd39   Thumb Code    16  softdevice_handler.o(i.softdevice_ble_evt_handler_set)
    softdevice_enable                        0x0001dd4d   Thumb Code    62  softdevice_handler.o(i.softdevice_enable)
    softdevice_enable_get_default_config     0x0001ddf1   Thumb Code    40  softdevice_handler.o(i.softdevice_enable_get_default_config)
    softdevice_fault_handler                 0x0001de19   Thumb Code     8  softdevice_handler.o(i.softdevice_fault_handler)
    softdevice_handler_init                  0x0001de21   Thumb Code    74  softdevice_handler.o(i.softdevice_handler_init)
    softdevice_handler_is_enabled            0x0001de79   Thumb Code     6  softdevice_handler.o(i.softdevice_handler_is_enabled)
    strcat_safe                              0x0001de85   Thumb Code    56  custom_nus.o(i.strcat_safe)
    uint32_to_hex                            0x0001e255   Thumb Code    48  custom_nus.o(i.uint32_to_hex)
    Region$$Table$$Base                      0x0001e548   Number         0  anon$$obj.o(Region$$Table)
    Region$$Table$$Limit                     0x0001e568   Number         0  anon$$obj.o(Region$$Table)
    Image$$RW_IRAM1$$Base                    0x20001fe8   Number         0  anon$$obj.o ABSOLUTE
    SystemCoreClock                          0x20001fe8   Data           4  system_nrf51.o(.data)
    nrf_nvic_state                           0x20002054   Data           8  app_util_platform.o(.data)
    _SEGGER_RTT                              0x20002844   Data         120  segger_rtt.o(.bss)
    __initial_sp                             0x20003198   Data           0  arm_startup_nrf51.o(STACK)



==============================================================================

Memory Map of the image

  Image Entry point : 0x0001b0c1

  Load Region LR_IROM1 (Base: 0x0001b000, Size: 0x0000361c, Max: 0x00025000, ABSOLUTE)

    Execution Region ER_IROM1 (Exec base: 0x0001b000, Load base: 0x0001b000, Size: 0x00003568, Max: 0x00025000, ABSOLUTE)

    Exec Addr    Load Addr    Size         Type   Attr      Idx    E Section Name        Object

    0x0001b000   0x0001b000   0x000000c0   Data   RO          494    RESET               arm_startup_nrf51.o
    0x0001b0c0   0x0001b0c0   0x00000000   Code   RO         2958  * .ARM.Collect$$$$00000000  mc_p.l(entry.o)
    0x0001b0c0   0x0001b0c0   0x00000004   Code   RO         3268    .ARM.Collect$$$$00000001  mc_p.l(entry2.o)
    0x0001b0c4   0x0001b0c4   0x00000004   Code   RO         3271    .ARM.Collect$$$$00000004  mc_p.l(entry5.o)
    0x0001b0c8   0x0001b0c8   0x00000000   Code   RO         3273    .ARM.Collect$$$$00000008  mc_p.l(entry7b.o)
    0x0001b0c8   0x0001b0c8   0x00000000   Code   RO         3275    .ARM.Collect$$$$0000000A  mc_p.l(entry8b.o)
    0x0001b0c8   0x0001b0c8   0x00000008   Code   RO         3276    .ARM.Collect$$$$0000000B  mc_p.l(entry9a.o)
    0x0001b0d0   0x0001b0d0   0x00000004   Code   RO         3283    .ARM.Collect$$$$0000000E  mc_p.l(entry12b.o)
    0x0001b0d4   0x0001b0d4   0x00000000   Code   RO         3278    .ARM.Collect$$$$0000000F  mc_p.l(entry10a.o)
    0x0001b0d4   0x0001b0d4   0x00000000   Code   RO         3280    .ARM.Collect$$$$00000011  mc_p.l(entry11a.o)
    0x0001b0d4   0x0001b0d4   0x00000004   Code   RO         3269    .ARM.Collect$$$$00002712  mc_p.l(entry2.o)
    0x0001b0d8   0x0001b0d8   0x00000038   Code   RO          495    .text               arm_startup_nrf51.o
    0x0001b110   0x0001b110   0x0000002c   Code   RO         2961    .text               mc_p.l(uidiv.o)
    0x0001b13c   0x0001b13c   0x00000024   Code   RO         2991    .text               mc_p.l(memcpya.o)
    0x0001b160   0x0001b160   0x00000024   Code   RO         2993    .text               mc_p.l(memseta.o)
    0x0001b184   0x0001b184   0x0000001a   Code   RO         2995    .text               mc_p.l(strncpy.o)
    0x0001b19e   0x0001b19e   0x0000000e   Code   RO         2997    .text               mc_p.l(strlen.o)
    0x0001b1ac   0x0001b1ac   0x0000001c   Code   RO         2999    .text               mc_p.l(strcmp.o)
    0x0001b1c8   0x0001b1c8   0x00000028   Code   RO         3001    .text               mc_p.l(strncat.o)
    0x0001b1f0   0x0001b1f0   0x00000012   Code   RO         3003    .text               mc_p.l(strcpy.o)
    0x0001b202   0x0001b202   0x00000002   PAD
    0x0001b204   0x0001b204   0x00000024   Code   RO         3297    .text               mc_p.l(init.o)
    0x0001b228   0x0001b228   0x00000178   Code   RO         1125    i.GPIOTE_IRQHandler  nrf_drv_gpiote.o
    0x0001b3a0   0x0001b3a0   0x00000044   Code   RO         1715    i.NVIC_SetPriority  app_timer.o
    0x0001b3e4   0x0001b3e4   0x00000054   Code   RO          895    i.POWER_CLOCK_IRQHandler  nrf_drv_clock.o
    0x0001b438   0x0001b438   0x00000020   Code   RO         1716    i.RTC1_IRQHandler   app_timer.o
    0x0001b458   0x0001b458   0x00000014   Code   RO         2383    i.SEGGER_RTT_Init   segger_rtt.o
    0x0001b46c   0x0001b46c   0x0000003c   Code   RO         2391    i.SEGGER_RTT_Write  segger_rtt.o
    0x0001b4a8   0x0001b4a8   0x0000005c   Code   RO         2392    i.SEGGER_RTT_WriteNoLock  segger_rtt.o
    0x0001b504   0x0001b504   0x00000018   Code   RO         2394    i.SEGGER_RTT_WriteString  segger_rtt.o
    0x0001b51c   0x0001b51c   0x00000008   Code   RO         1717    i.SWI0_IRQHandler   app_timer.o
    0x0001b524   0x0001b524   0x00000020   Code   RO         2528    i.SWI2_IRQHandler   softdevice_handler.o
    0x0001b544   0x0001b544   0x000000a0   Code   RO          502    i.SystemInit        system_nrf51.o
    0x0001b5e4   0x0001b5e4   0x00000014   Code   RO         1340    i.UART0_IRQHandler  nrf_drv_uart.o
    0x0001b5f8   0x0001b5f8   0x00000068   Code   RO         2395    i._DoInit           segger_rtt.o
    0x0001b660   0x0001b660   0x00000016   Code   RO         2396    i._GetAvailWriteSpace  segger_rtt.o
    0x0001b676   0x0001b676   0x00000060   Code   RO         2398    i._WriteBlocking    segger_rtt.o
    0x0001b6d6   0x0001b6d6   0x0000003c   Code   RO         2399    i._WriteNoCheck     segger_rtt.o
    0x0001b712   0x0001b712   0x0000001a   Code   RO          389    i.__ARM_common_switch8  bsp.o
    0x0001b72c   0x0001b72c   0x0000000e   Code   RO         3311    i.__scatterload_copy  mc_p.l(handlers.o)
    0x0001b73a   0x0001b73a   0x00000002   Code   RO         3312    i.__scatterload_null  mc_p.l(handlers.o)
    0x0001b73c   0x0001b73c   0x0000000e   Code   RO         3313    i.__scatterload_zeroinit  mc_p.l(handlers.o)
    0x0001b74a   0x0001b74a   0x00000002   PAD
    0x0001b74c   0x0001b74c   0x0000001c   Code   RO         2529    i.__sd_nvic_app_accessible_irq  softdevice_handler.o
    0x0001b768   0x0001b768   0x0000018e   Code   RO          538    i.adv_data_encode   ble_advdata.o
    0x0001b8f6   0x0001b8f6   0x00000002   PAD
    0x0001b8f8   0x0001b8f8   0x00000068   Code   RO          623    i.adv_mode_next_avail_get  ble_advertising.o
    0x0001b960   0x0001b960   0x00000048   Code   RO         1620    i.app_error_fault_handler  app_error_weak.o
    0x0001b9a8   0x0001b9a8   0x00000018   Code   RO         1582    i.app_error_handler_bare  app_error.o
    0x0001b9c0   0x0001b9c0   0x00000030   Code   RO         1720    i.app_timer_create  app_timer.o
    0x0001b9f0   0x0001b9f0   0x00000074   Code   RO         1721    i.app_timer_init    app_timer.o
    0x0001ba64   0x0001ba64   0x00000088   Code   RO         1722    i.app_timer_start   app_timer.o
    0x0001baec   0x0001baec   0x00000028   Code   RO         1723    i.app_timer_stop    app_timer.o
    0x0001bb14   0x0001bb14   0x0000003c   Code   RO         1922    i.app_util_critical_region_enter  app_util_platform.o
    0x0001bb50   0x0001bb50   0x0000002c   Code   RO         1923    i.app_util_critical_region_exit  app_util_platform.o
    0x0001bb7c   0x0001bb7c   0x00000084   Code   RO         1341    i.apply_config      nrf_drv_uart.o
    0x0001bc00   0x0001bc00   0x00000068   Code   RO          539    i.ble_advdata_set   ble_advdata.o
    0x0001bc68   0x0001bc68   0x0000015c   Code   RO          624    i.ble_advertising_init  ble_advertising.o
    0x0001bdc4   0x0001bdc4   0x00000058   Code   RO          625    i.ble_advertising_on_ble_evt  ble_advertising.o
    0x0001be1c   0x0001be1c   0x00000108   Code   RO          629    i.ble_advertising_start  ble_advertising.o
    0x0001bf24   0x0001bf24   0x00000054   Code   RO          723    i.ble_conn_params_init  ble_conn_params.o
    0x0001bf78   0x0001bf78   0x00000090   Code   RO          724    i.ble_conn_params_on_ble_evt  ble_conn_params.o
    0x0001c008   0x0001c008   0x0000005e   Code   RO          540    i.ble_device_addr_encode  ble_advdata.o
    0x0001c066   0x0001c066   0x00000002   PAD
    0x0001c068   0x0001c068   0x00000068   Code   RO          852    i.ble_nus_init      ble_nus.o
    0x0001c0d0   0x0001c0d0   0x0000005c   Code   RO          853    i.ble_nus_on_ble_evt  ble_nus.o
    0x0001c12c   0x0001c12c   0x00000054   Code   RO          854    i.ble_nus_string_send  ble_nus.o
    0x0001c180   0x0001c180   0x0000000e   Code   RO          795    i.ble_srv_is_notification_enabled  ble_srv_common.o
    0x0001c18e   0x0001c18e   0x00000002   PAD
    0x0001c190   0x0001c190   0x0000006c   Code   RO         2667    i.ble_stack_init    bluetooth.o
    0x0001c1fc   0x0001c1fc   0x00000012   Code   RO         2668    i.bluetooth_advertising_start  bluetooth.o
    0x0001c20e   0x0001c20e   0x00000016   Code   RO         2669    i.bluetooth_evt_dispatch  bluetooth.o
    0x0001c224   0x0001c224   0x000000d4   Code   RO         2670    i.bluetooth_init    bluetooth.o
    0x0001c2f8   0x0001c2f8   0x00000012   Code   RO         2671    i.bluetooth_on_disconnect  bluetooth.o
    0x0001c30a   0x0001c30a   0x00000002   PAD
    0x0001c30c   0x0001c30c   0x00000070   Code   RO         2252    i.buf_prealloc      nrf_log_frontend.o
    0x0001c37c   0x0001c37c   0x00000014   Code   RO         2253    i.buffer_is_empty   nrf_log_frontend.o
    0x0001c390   0x0001c390   0x00000010   Code   RO         1128    i.channel_port_get  nrf_drv_gpiote.o
    0x0001c3a0   0x0001c3a0   0x00000028   Code   RO          896    i.clock_clk_started_notify  nrf_drv_clock.o
    0x0001c3c8   0x0001c3c8   0x000000a8   Code   RO         1725    i.compare_reg_update  app_timer.o
    0x0001c470   0x0001c470   0x00000088   Code   RO          541    i.conn_int_encode   ble_advdata.o
    0x0001c4f8   0x0001c4f8   0x00000068   Code   RO          726    i.conn_params_negotiation  ble_conn_params.o
    0x0001c560   0x0001c560   0x00000048   Code   RO         2875    i.custom_nus_dequeue_packet  custom_nus.o
    0x0001c5a8   0x0001c5a8   0x000000b0   Code   RO         2876    i.custom_nus_enqueue_packet  custom_nus.o
    0x0001c658   0x0001c658   0x00000008   Code   RO         2877    i.custom_nus_get_adv_uuids  custom_nus.o
    0x0001c660   0x0001c660   0x00000110   Code   RO         2878    i.custom_nus_on_ble_evt  custom_nus.o
    0x0001c770   0x0001c770   0x000001d4   Code   RO         2879    i.custom_nus_process_packet  custom_nus.o
    0x0001c944   0x0001c944   0x00000080   Code   RO         2880    i.custom_nus_send_string  custom_nus.o
    0x0001c9c4   0x0001c9c4   0x00000044   Code   RO         2881    i.custom_nus_services_init  custom_nus.o
    0x0001ca08   0x0001ca08   0x00000040   Code   RO         1726    i.elapsed_ticks_acquire  app_timer.o
    0x0001ca48   0x0001ca48   0x00000018   Code   RO         1975    i.fs_queued_op_count_get  fstorage.o
    0x0001ca60   0x0001ca60   0x00000010   Code   RO         2755    i.i2c_gpio_init     afficheur_i2c.o
    0x0001ca70   0x0001ca70   0x00000040   Code   RO         2756    i.i2c_read_ack      afficheur_i2c.o
    0x0001cab0   0x0001cab0   0x0000002c   Code   RO         2757    i.i2c_start         afficheur_i2c.o
    0x0001cadc   0x0001cadc   0x00000024   Code   RO         2758    i.i2c_stop          afficheur_i2c.o
    0x0001cb00   0x0001cb00   0x0000002c   Code   RO         2759    i.i2c_write_bit     afficheur_i2c.o
    0x0001cb2c   0x0001cb2c   0x00000068   Code   RO         2760    i.i2c_write_byte    afficheur_i2c.o
    0x0001cb94   0x0001cb94   0x00000080   Code   RO         2530    i.intern_softdevice_events_execute  softdevice_handler.o
    0x0001cc14   0x0001cc14   0x0000001c   Code   RO          727    i.is_conn_params_ok  ble_conn_params.o
    0x0001cc30   0x0001cc30   0x00000048   Code   RO          503    i.is_manual_peripheral_setup_needed  system_nrf51.o
    0x0001cc78   0x0001cc78   0x00000012   Code   RO         2761    i.lcd_cmd           afficheur_i2c.o
    0x0001cc8a   0x0001cc8a   0x00000002   PAD
    0x0001cc8c   0x0001cc8c   0x000001d0   Code   RO         2882    i.lcd_display_product  custom_nus.o
    0x0001ce5c   0x0001ce5c   0x0000006e   Code   RO         2762    i.lcd_init          afficheur_i2c.o
    0x0001ceca   0x0001ceca   0x00000012   Code   RO         2763    i.lcd_print_first_line  afficheur_i2c.o
    0x0001cedc   0x0001cedc   0x00000012   Code   RO         2764    i.lcd_print_second_line  afficheur_i2c.o
    0x0001ceee   0x0001ceee   0x00000020   Code   RO         2765    i.lcd_send_byte     afficheur_i2c.o
    0x0001cf0e   0x0001cf0e   0x00000002   PAD
    0x0001cf10   0x0001cf10   0x00000098   Code   RO         2766    i.lcd_send_nibble   afficheur_i2c.o
    0x0001cfa8   0x0001cfa8   0x00000016   Code   RO         2767    i.lcd_set_cursor    afficheur_i2c.o
    0x0001cfbe   0x0001cfbe   0x00000002   PAD
    0x0001cfc0   0x0001cfc0   0x00000104   Code   RO         2768    i.lcd_test          afficheur_i2c.o
    0x0001d0c4   0x0001d0c4   0x00000012   Code   RO         2769    i.lcd_write         afficheur_i2c.o
    0x0001d0d6   0x0001d0d6   0x00000002   PAD
    0x0001d0d8   0x0001d0d8   0x0000004c   Code   RO         2770    i.lcd_write_string  afficheur_i2c.o
    0x0001d124   0x0001d124   0x000000ac   Code   RO         1727    i.list_deletions_handler  app_timer.o
    0x0001d1d0   0x0001d1d0   0x000000bc   Code   RO         1728    i.list_insertions_handler  app_timer.o
    0x0001d28c   0x0001d28c   0x0000009c   Code   RO            4    i.main              main.o
    0x0001d328   0x0001d328   0x00000068   Code   RO          542    i.manuf_specific_data_encode  ble_advdata.o
    0x0001d390   0x0001d390   0x0000009e   Code   RO          543    i.name_encode       ble_advdata.o
    0x0001d42e   0x0001d42e   0x00000010   Code   RO         1129    i.nrf_bitmask_bit_is_set  nrf_drv_gpiote.o
    0x0001d43e   0x0001d43e   0x00000010   Code   RO          900    i.nrf_clock_event_check  nrf_drv_clock.o
    0x0001d44e   0x0001d44e   0x0000000e   Code   RO         2771    i.nrf_delay_ms      afficheur_i2c.o
    0x0001d45c   0x0001d45c   0x00000030   Code   RO         1729    i.nrf_delay_us      app_timer.o
    0x0001d48c   0x0001d48c   0x00000030   Code   RO         2772    i.nrf_delay_us      afficheur_i2c.o
    0x0001d4bc   0x0001d4bc   0x00000048   Code   RO          907    i.nrf_drv_clock_init  nrf_drv_clock.o
    0x0001d504   0x0001d504   0x00000034   Code   RO          914    i.nrf_drv_clock_on_sd_enable  nrf_drv_clock.o
    0x0001d538   0x0001d538   0x0000000c   Code   RO          915    i.nrf_drv_clock_on_soc_event  nrf_drv_clock.o
    0x0001d544   0x0001d544   0x00000060   Code   RO         1084    i.nrf_drv_common_irq_enable  nrf_drv_common.o
    0x0001d5a4   0x0001d5a4   0x00000080   Code   RO         1343    i.nrf_drv_uart_init  nrf_drv_uart.o
    0x0001d624   0x0001d624   0x00000098   Code   RO         1353    i.nrf_drv_uart_uninit  nrf_drv_uart.o
    0x0001d6bc   0x0001d6bc   0x00000028   Code   RO         1354    i.nrf_gpio_cfg      nrf_drv_uart.o
    0x0001d6e4   0x0001d6e4   0x00000012   Code   RO         1355    i.nrf_gpio_cfg_default  nrf_drv_uart.o
    0x0001d6f6   0x0001d6f6   0x00000012   Code   RO         1356    i.nrf_gpio_cfg_input  nrf_drv_uart.o
    0x0001d708   0x0001d708   0x00000014   Code   RO         1357    i.nrf_gpio_cfg_output  nrf_drv_uart.o
    0x0001d71c   0x0001d71c   0x00000022   Code   RO         1151    i.nrf_gpio_cfg_sense_set  nrf_drv_gpiote.o
    0x0001d73e   0x0001d73e   0x00000002   PAD
    0x0001d740   0x0001d740   0x00000028   Code   RO         1152    i.nrf_gpio_ports_read  nrf_drv_gpiote.o
    0x0001d768   0x0001d768   0x00000010   Code   RO         1153    i.nrf_gpiote_event_clear  nrf_drv_gpiote.o
    0x0001d778   0x0001d778   0x00000014   Code   RO         1154    i.nrf_gpiote_event_is_set  nrf_drv_gpiote.o
    0x0001d78c   0x0001d78c   0x00000078   Code   RO         2164    i.nrf_log_backend_init  nrf_log_backend_serial.o
    0x0001d804   0x0001d804   0x0000000a   Code   RO         2255    i.nrf_log_blocking_backend_set  nrf_log_frontend.o
    0x0001d80e   0x0001d80e   0x00000002   PAD
    0x0001d810   0x0001d810   0x0000014c   Code   RO         2256    i.nrf_log_frontend_dequeue  nrf_log_frontend.o
    0x0001d95c   0x0001d95c   0x0000004c   Code   RO         2259    i.nrf_log_frontend_std_0  nrf_log_frontend.o
    0x0001d9a8   0x0001d9a8   0x00000060   Code   RO         2260    i.nrf_log_frontend_std_1  nrf_log_frontend.o
    0x0001da08   0x0001da08   0x0000000a   Code   RO         1358    i.nrf_uart_event_check  nrf_drv_uart.o
    0x0001da12   0x0001da12   0x00000010   Code   RO         1359    i.nrf_uart_int_enable_check  nrf_drv_uart.o
    0x0001da22   0x0001da22   0x00000028   Code   RO         2883    i.nus_data_handler  custom_nus.o
    0x0001da4a   0x0001da4a   0x00000010   Code   RO         2531    i.ram_end_address_get  softdevice_handler.o
    0x0001da5a   0x0001da5a   0x00000002   PAD
    0x0001da5c   0x0001da5c   0x00000044   Code   RO         1730    i.rtc1_stop         app_timer.o
    0x0001daa0   0x0001daa0   0x00000026   Code   RO         1360    i.rx_byte           nrf_drv_uart.o
    0x0001dac6   0x0001dac6   0x0000009e   Code   RO          855    i.rx_char_add       ble_nus.o
    0x0001db64   0x0001db64   0x00000014   Code   RO         1361    i.rx_done_event     nrf_drv_uart.o
    0x0001db78   0x0001db78   0x00000084   Code   RO         2533    i.sd_nvic_EnableIRQ  softdevice_handler.o
    0x0001dbfc   0x0001dbfc   0x0000008e   Code   RO          544    i.service_data_encode  ble_advdata.o
    0x0001dc8a   0x0001dc8a   0x00000002   PAD
    0x0001dc8c   0x0001dc8c   0x00000058   Code   RO          631    i.set_adv_mode_fast  ble_advertising.o
    0x0001dce4   0x0001dce4   0x00000054   Code   RO          632    i.set_adv_mode_slow  ble_advertising.o
    0x0001dd38   0x0001dd38   0x00000014   Code   RO         2534    i.softdevice_ble_evt_handler_set  softdevice_handler.o
    0x0001dd4c   0x0001dd4c   0x000000a4   Code   RO         2535    i.softdevice_enable  softdevice_handler.o
    0x0001ddf0   0x0001ddf0   0x00000028   Code   RO         2536    i.softdevice_enable_get_default_config  softdevice_handler.o
    0x0001de18   0x0001de18   0x00000008   Code   RO         2537    i.softdevice_fault_handler  softdevice_handler.o
    0x0001de20   0x0001de20   0x00000058   Code   RO         2538    i.softdevice_handler_init  softdevice_handler.o
    0x0001de78   0x0001de78   0x0000000c   Code   RO         2539    i.softdevice_handler_is_enabled  softdevice_handler.o
    0x0001de84   0x0001de84   0x00000038   Code   RO         2884    i.strcat_safe       custom_nus.o
    0x0001debc   0x0001debc   0x00000084   Code   RO         1731    i.timer_list_handler  app_timer.o
    0x0001df40   0x0001df40   0x00000010   Code   RO         1732    i.timer_list_handler_sched  app_timer.o
    0x0001df50   0x0001df50   0x00000040   Code   RO         1733    i.timer_list_insert  app_timer.o
    0x0001df90   0x0001df90   0x00000048   Code   RO         1734    i.timer_stop_op_schedule  app_timer.o
    0x0001dfd8   0x0001dfd8   0x00000080   Code   RO         1735    i.timer_timeouts_check  app_timer.o
    0x0001e058   0x0001e058   0x0000001e   Code   RO         1363    i.tx_byte           nrf_drv_uart.o
    0x0001e076   0x0001e076   0x00000080   Code   RO          856    i.tx_char_add       ble_nus.o
    0x0001e0f6   0x0001e0f6   0x00000018   Code   RO         1364    i.tx_done_event     nrf_drv_uart.o
    0x0001e10e   0x0001e10e   0x00000002   PAD
    0x0001e110   0x0001e110   0x00000010   Code   RO         2171    i.uart_event_handler  nrf_log_backend_serial.o
    0x0001e120   0x0001e120   0x00000128   Code   RO         1365    i.uart_irq_handler  nrf_drv_uart.o
    0x0001e248   0x0001e248   0x0000000a   Code   RO          545    i.uint16_encode     ble_advdata.o
    0x0001e252   0x0001e252   0x00000002   PAD
    0x0001e254   0x0001e254   0x00000044   Code   RO         2885    i.uint32_to_hex     custom_nus.o
    0x0001e298   0x0001e298   0x00000064   Code   RO          728    i.update_timeout_handler  ble_conn_params.o
    0x0001e2fc   0x0001e2fc   0x0000002c   Code   RO         1736    i.user_op_alloc     app_timer.o
    0x0001e328   0x0001e328   0x00000030   Code   RO          546    i.uuid_list_encode  ble_advdata.o
    0x0001e358   0x0001e358   0x000000ae   Code   RO          547    i.uuid_list_sized_encode  ble_advdata.o
    0x0001e406   0x0001e406   0x00000002   PAD
    0x0001e408   0x0001e408   0x00000018   Code   RO          633    i.whitelist_has_entries  ble_advertising.o
    0x0001e420   0x0001e420   0x00000004   Data   RO          731    .constdata          ble_conn_params.o
    0x0001e424   0x0001e424   0x00000010   Data   RO          857    .constdata          ble_nus.o
    0x0001e434   0x0001e434   0x00000004   Data   RO         1158    .constdata          nrf_drv_gpiote.o
    0x0001e438   0x0001e438   0x00000020   Data   RO         2174    .constdata          nrf_log_backend_serial.o
    0x0001e458   0x0001e458   0x00000024   Data   RO         2271    .constdata          nrf_log_frontend.o
    0x0001e47c   0x0001e47c   0x0000000b   Data   RO         2673    .constdata          bluetooth.o
    0x0001e487   0x0001e487   0x00000001   PAD
    0x0001e488   0x0001e488   0x00000070   Data   RO         2887    .constdata          custom_nus.o
    0x0001e4f8   0x0001e4f8   0x0000000b   Data   RO         2272    .conststring        nrf_log_frontend.o
    0x0001e503   0x0001e503   0x00000001   PAD
    0x0001e504   0x0001e504   0x00000042   Data   RO         2545    .conststring        softdevice_handler.o
    0x0001e546   0x0001e546   0x00000002   PAD
    0x0001e548   0x0001e548   0x00000020   Data   RO         3309    Region$$Table       anon$$obj.o


    Execution Region RW_IRAM1 (Exec base: 0x20001fe8, Load base: 0x0001e568, Size: 0x000011b0, Max: 0x00006018, ABSOLUTE)

    Exec Addr    Load Addr    Size         Type   Attr      Idx    E Section Name        Object

    0x20001fe8   0x0001e568   0x00000004   Data   RW          504    .data               system_nrf51.o
    0x20001fec   0x0001e56c   0x00000030   Data   RW          637    .data               ble_advertising.o
    0x2000201c   0x0001e59c   0x00000014   Data   RW          732    .data               ble_conn_params.o
    0x20002030   0x0001e5b0   0x00000020   Data   RW         1737    .data               app_timer.o
    0x20002050   0x0001e5d0   0x0000000c   Data   RW         1926    .data               app_util_platform.o
    0x2000205c   0x0001e5dc   0x0000000c   Data   RW         2175    .data               nrf_log_backend_serial.o
    0x20002068   0x0001e5e8   0x00000004   Data   RW         2273    .data               nrf_log_frontend.o
    0x2000206c   0x0001e5ec   0x00000014   Data   RW         2546    .data               softdevice_handler.o
    0x20002080   0x0001e600   0x0000001c   Data   RW         2888    .data               custom_nus.o
    0x2000209c        -       0x00000078   Zero   RW            5    .bss                main.o
    0x20002114        -       0x0000016b   Zero   RW          634    .bss                ble_advertising.o
    0x2000227f   0x0001e61c   0x00000001   PAD
    0x20002280        -       0x00000020   Zero   RW          635    .bss                ble_advertising.o
    0x200022a0        -       0x00000020   Zero   RW          636    .bss                ble_advertising.o
    0x200022c0        -       0x00000020   Zero   RW          729    .bss                ble_conn_params.o
    0x200022e0        -       0x0000001c   Zero   RW          730    .bss                ble_conn_params.o
    0x200022fc        -       0x00000014   Zero   RW          917    .bss                nrf_drv_clock.o
    0x20002310        -       0x00000048   Zero   RW         1157    .bss                nrf_drv_gpiote.o
    0x20002358        -       0x0000001c   Zero   RW         1366    .bss                nrf_drv_uart.o
    0x20002374        -       0x00000068   Zero   RW         1984    .bss                fstorage.o
    0x200023dc        -       0x00000418   Zero   RW         2270    .bss                nrf_log_frontend.o
    0x200027f4        -       0x000000c8   Zero   RW         2400    .bss                segger_rtt.o
    0x200028bc        -       0x00000048   Zero   RW         2672    .bss                bluetooth.o
    0x20002904        -       0x00000094   Zero   RW         2886    .bss                custom_nus.o
    0x20002998        -       0x00000800   Zero   RW          492    STACK               arm_startup_nrf51.o


==============================================================================

Image component sizes


      Code (inc. data)   RO Data    RW Data    ZI Data      Debug   Object Name

      1094        364          0          0          0      11338   afficheur_i2c.o
        24          4          0          0          0       2169   app_error.o
        72         32          0          0          0       7358   app_error_weak.o
      1612        158          0         32          0      43223   app_timer.o
         0          0          0          0          0       5612   app_uart_fifo.o
       104         20          0         12          0       6606   app_util_platform.o
        56         18        192          0       2048        736   arm_startup_nrf51.o
      1368          6          0          0          0      30624   ble_advdata.o
      1000         62          0         48        427      14996   ble_advertising.o
       460         60          4         20         60       6596   ble_conn_params.o
       566         12         16          0          0       5554   ble_nus.o
        14          0          0          0          0       1458   ble_srv_common.o
       378         28         11          0         72       5210   bluetooth.o
        26          0          0          0          0         72   bsp.o
      1820        478        112         28        148      10037   custom_nus.o
        24          6          0          0        104       3756   fstorage.o
       156         84          0          0        120      81498   main.o
       276         38          0          0         20      17424   nrf_drv_clock.o
        96         18          0          0          0       7540   nrf_drv_common.o
       518         34          4          0         72      19048   nrf_drv_gpiote.o
       962         34          0          0         28      32671   nrf_drv_uart.o
       136         22         32         12          0       3567   nrf_log_backend_serial.o
       646         50         47          4       1048       9121   nrf_log_frontend.o
       478         44          0          0        200       9921   segger_rtt.o
       668        162         66         20          0      22179   softdevice_handler.o
       232         36          0          4          0       2419   system_nrf51.o

    ----------------------------------------------------------------------
     12816       1770        520        180       4348     360733   Object Totals
         0          0         32          0          0          0   (incl. Generated)
        30          0          4          0          1          0   (incl. Padding)

    ----------------------------------------------------------------------

      Code (inc. data)   RO Data    RW Data    ZI Data      Debug   Library Member Name

         0          0          0          0          0          0   entry.o
         0          0          0          0          0          0   entry10a.o
         0          0          0          0          0          0   entry11a.o
         4          0          0          0          0          0   entry12b.o
         8          4          0          0          0          0   entry2.o
         4          0          0          0          0          0   entry5.o
         0          0          0          0          0          0   entry7b.o
         0          0          0          0          0          0   entry8b.o
         8          4          0          0          0          0   entry9a.o
        30          0          0          0          0          0   handlers.o
        36          8          0          0          0         68   init.o
        36          0          0          0          0         60   memcpya.o
        36          0          0          0          0        100   memseta.o
        28          0          0          0          0         68   strcmp.o
        18          0          0          0          0         60   strcpy.o
        14          0          0          0          0         60   strlen.o
        40          0          0          0          0         68   strncat.o
        26          0          0          0          0         68   strncpy.o
        44          0          0          0          0         72   uidiv.o

    ----------------------------------------------------------------------
       336         16          0          0          0        624   Library Totals
         4          0          0          0          0          0   (incl. Padding)

    ----------------------------------------------------------------------

      Code (inc. data)   RO Data    RW Data    ZI Data      Debug   Library Name

       332         16          0          0          0        624   mc_p.l

    ----------------------------------------------------------------------
       336         16          0          0          0        624   Library Totals

    ----------------------------------------------------------------------

==============================================================================


      Code (inc. data)   RO Data    RW Data    ZI Data      Debug   

     13152       1786        520        180       4348     354953   Grand Totals
     13152       1786        520        180       4348     354953   ELF Image Totals
     13152       1786        520        180          0          0   ROM Totals

==============================================================================

    Total RO  Size (Code + RO Data)                13672 (  13.35kB)
    Total RW  Size (RW Data + ZI Data)              4528 (   4.42kB)
    Total ROM Size (Code + RO Data + RW Data)      13852 (  13.53kB)

==============================================================================

