<html>
<body>
<pre>
<h1>µVision Build Log</h1>
<h2>Tool Versions:</h2>
IDE-Version: µVision V5.38.0.0
Copyright (C) 2022 ARM Ltd and ARM Germany GmbH. All rights reserved.
License Information: dali hemriti, Capgemini, LIC=----
 
Tool Versions:
Toolchain:       MDK-Lite  Version: 5.38.0.0
Toolchain Path:  C:\Keil_v5\ARM\ARM_Compiler_5.06u7\Bin
C Compiler:      Armcc.exe V5.06 update 7 (build 960)
Assembler:       Armasm.exe V5.06 update 7 (build 960)
Linker/Locator:  ArmLink.exe V5.06 update 7 (build 960)
Library Manager: ArmAr.exe V5.06 update 7 (build 960)
Hex Converter:   FromElf.exe V5.06 update 7 (build 960)
CPU DLL:         
Dialog DLL:      
Target DLL:      Segger\JL2CM3.dll V2.99.42.0
Dialog DLL:      TARMCM1.DLL V1.14.6.0
 
<h2>Project:</h2>
C:\Users\moham\OneDrive\Bureau\pfe\project\slave code\pca10028\s130\arm4\ble_app_uart_pca10028_s130.uvproj
Project File Date:  06/07/2025

<h2>Output:</h2>
*** Using Compiler 'V5.06 update 7 (build 960)', folder: 'C:\Keil_v5\ARM\ARM_Compiler_5.06u7\Bin'
Rebuild target 'nrf51422_xxac'
assembling arm_startup_nrf51.s...
compiling bsp_nfc.c...
compiling system_nrf51.c...
compiling boards.c...
compiling ble_srv_common.c...
compiling bsp_btn_ble.c...
compiling ble_conn_params.c...
compiling bsp.c...
compiling main.c...
..\..\..\components\include\bluetooth.h(31): warning:  #1-D: last line of file ends without a newline
  #endif // BLUETOOTH_H
..\arm4\custom_nus.h(39): warning:  #1-D: last line of file ends without a newline
  #endif // CUSTOM_NUS_H
..\..\..\components\include\afficheur_i2c.h(34): warning:  #1-D: last line of file ends without a newline
  #endif // AFFICHEUR_I2C_H
..\..\..\main\main.c(41): warning:  #1-D: last line of file ends without a newline
  }
..\..\..\main\main.c: 4 warnings, 0 errors
compiling ble_advdata.c...
compiling ble_advertising.c...
compiling ble_nus.c...
compiling nrf_drv_common.c...
compiling app_error_weak.c...
compiling app_error.c...
compiling app_button.c...
compiling app_fifo.c...
compiling app_util_platform.c...
compiling nrf_drv_uart.c...
compiling nrf_drv_clock.c...
compiling app_uart_fifo.c...
compiling nrf_drv_gpiote.c...
compiling app_timer.c...
compiling sdk_errors.c...
compiling RTT_Syscalls_KEIL.c...
compiling SEGGER_RTT_printf.c...
compiling hardfault_implementation.c...
compiling nrf_assert.c...
compiling retarget.c...
compiling fstorage.c...
compiling nrf_log_backend_serial.c...
compiling SEGGER_RTT.c...
compiling uart.c...
compiling nrf_log_frontend.c...
compiling softdevice_handler.c...
compiling afficheur_i2c.c...
..\..\..\components\include\afficheur_i2c.h(34): warning:  #1-D: last line of file ends without a newline
  #endif // AFFICHEUR_I2C_H
..\..\..\components\afficheur_i2c.c(190): warning:  #1-D: last line of file ends without a newline
  }
..\..\..\components\afficheur_i2c.c: 2 warnings, 0 errors
compiling bluetooth.c...
..\..\..\components\include\bluetooth.h(31): warning:  #1-D: last line of file ends without a newline
  #endif // BLUETOOTH_H
..\arm4\custom_nus.h(39): warning:  #1-D: last line of file ends without a newline
  #endif // CUSTOM_NUS_H
..\..\..\components\bluetooth.c(117): warning:  #1-D: last line of file ends without a newline
  }
..\..\..\components\bluetooth.c: 3 warnings, 0 errors
compiling custom_nus.c...
custom_nus.h(39): warning:  #1-D: last line of file ends without a newline
  #endif // CUSTOM_NUS_H
..\..\..\components\include\bluetooth.h(31): warning:  #1-D: last line of file ends without a newline
  #endif // BLUETOOTH_H
..\..\..\components\include\afficheur_i2c.h(34): warning:  #1-D: last line of file ends without a newline
  #endif // AFFICHEUR_I2C_H
custom_nus.c(254): warning:  #1-D: last line of file ends without a newline
  }
custom_nus.c: 4 warnings, 0 errors
linking...
Program Size: Code=13152 RO-data=520 RW-data=180 ZI-data=4348  
FromELF: creating hex file...
".\_build\nrf51422_xxac.axf" - 0 Error(s), 13 Warning(s).
Build Time Elapsed:  00:00:04
</pre>
</body>
</html>
